D:/SD_Experiments/SD_CARD_1/Core/Src/stm32f7xx_hal_msp.c:67:6:HAL_MspInit	8	static
D:/SD_Experiments/SD_CARD_1/Core/Src/stm32f7xx_hal_msp.c:92:6:HAL_CRC_MspInit	8	static
D:/SD_Experiments/SD_CARD_1/Core/Src/stm32f7xx_hal_msp.c:114:6:HAL_CRC_MspDeInit	0	static
D:/SD_Experiments/SD_CARD_1/Core/Src/stm32f7xx_hal_msp.c:136:6:HAL_DMA2D_MspInit	16	static
D:/SD_Experiments/SD_CARD_1/Core/Src/stm32f7xx_hal_msp.c:161:6:HAL_DMA2D_MspDeInit	0	static
D:/SD_Experiments/SD_CARD_1/Core/Src/stm32f7xx_hal_msp.c:186:6:HAL_I2C_MspInit	168	static
D:/SD_Experiments/SD_CARD_1/Core/Src/stm32f7xx_hal_msp.c:232:6:HAL_I2C_MspDeInit	8	static
D:/SD_Experiments/SD_CARD_1/Core/Src/stm32f7xx_hal_msp.c:263:6:HAL_LTDC_MspInit	192	static
D:/SD_Experiments/SD_CARD_1/Core/Src/stm32f7xx_hal_msp.c:380:6:HAL_LTDC_MspDeInit	8	static
D:/SD_Experiments/SD_CARD_1/Core/Src/stm32f7xx_hal_msp.c:449:6:HAL_QSPI_MspInit	64	static
D:/SD_Experiments/SD_CARD_1/Core/Src/stm32f7xx_hal_msp.c:512:6:HAL_QSPI_MspDeInit	8	static
D:/SD_Experiments/SD_CARD_1/Core/Src/stm32f7xx_hal_msp.c:549:6:HAL_SD_MspInit	200	static
D:/SD_Experiments/SD_CARD_1/Core/Src/stm32f7xx_hal_msp.c:656:6:HAL_SD_MspDeInit	8	static
D:/SD_Experiments/SD_CARD_1/Core/Src/stm32f7xx_hal_msp.c:698:6:HAL_UART_MspInit	192	static
D:/SD_Experiments/SD_CARD_1/Core/Src/stm32f7xx_hal_msp.c:753:6:HAL_UART_MspDeInit	8	static
D:/SD_Experiments/SD_CARD_1/Core/Src/stm32f7xx_hal_msp.c:886:6:HAL_SDRAM_MspInit	48	static
D:/SD_Experiments/SD_CARD_1/Core/Src/stm32f7xx_hal_msp.c:972:6:HAL_SDRAM_MspDeInit	8	static
