../Core/Src/main.c:96:5:main	80	static
../Core/Src/main.c:368:6:SystemClock_Config	88	static
../Core/Src/main.c:415:13:MX_SDMMC1_SD_Init	4	static
../Core/Src/main.c:443:13:MX_USART1_UART_Init	8	static
../Core/Src/main.c:478:13:MX_USART6_UART_Init	8	static
../Core/Src/main.c:511:13:MX_DMA_Init	16	static
../Core/Src/main.c:532:13:MX_GPIO_Init	72	static
../Core/Src/main.c:1013:6:HAL_GPIO_EXTI_Callback	16	static
../Core/Src/main.c:1027:6:HAL_TIM_PeriodElapsedCallback	16	static
../Core/Src/main.c:1044:6:Error_Handler	4	static,ignoring_inline_asm
