Archive member included to satisfy reference by file (symbol)

C:/ST/STM32CubeIDE_1.13.2/STM32CubeIDE/plugins/com.st.stm32cube.ide.mcu.externaltools.gnu-tools-for-stm32.11.3.rel1.win32_1.1.1.202309131626/tools/bin/../lib/gcc/arm-none-eabi/11.3.1/../../../../arm-none-eabi/lib/thumb/v7e-m+fp/hard\libc_nano.a(libc_a-exit.o)
                              C:/ST/STM32CubeIDE_1.13.2/STM32CubeIDE/plugins/com.st.stm32cube.ide.mcu.externaltools.gnu-tools-for-stm32.11.3.rel1.win32_1.1.1.202309131626/tools/bin/../lib/gcc/arm-none-eabi/11.3.1/../../../../arm-none-eabi/lib/thumb/v7e-m+fp/hard/crt0.o (exit)
C:/ST/STM32CubeIDE_1.13.2/STM32CubeIDE/plugins/com.st.stm32cube.ide.mcu.externaltools.gnu-tools-for-stm32.11.3.rel1.win32_1.1.1.202309131626/tools/bin/../lib/gcc/arm-none-eabi/11.3.1/../../../../arm-none-eabi/lib/thumb/v7e-m+fp/hard\libc_nano.a(libc_a-findfp.o)
                              C:/ST/STM32CubeIDE_1.13.2/STM32CubeIDE/plugins/com.st.stm32cube.ide.mcu.externaltools.gnu-tools-for-stm32.11.3.rel1.win32_1.1.1.202309131626/tools/bin/../lib/gcc/arm-none-eabi/11.3.1/../../../../arm-none-eabi/lib/thumb/v7e-m+fp/hard\libc_nano.a(libc_a-exit.o) (__stdio_exit_handler)
C:/ST/STM32CubeIDE_1.13.2/STM32CubeIDE/plugins/com.st.stm32cube.ide.mcu.externaltools.gnu-tools-for-stm32.11.3.rel1.win32_1.1.1.202309131626/tools/bin/../lib/gcc/arm-none-eabi/11.3.1/../../../../arm-none-eabi/lib/thumb/v7e-m+fp/hard\libc_nano.a(libc_a-fwalk.o)
                              C:/ST/STM32CubeIDE_1.13.2/STM32CubeIDE/plugins/com.st.stm32cube.ide.mcu.externaltools.gnu-tools-for-stm32.11.3.rel1.win32_1.1.1.202309131626/tools/bin/../lib/gcc/arm-none-eabi/11.3.1/../../../../arm-none-eabi/lib/thumb/v7e-m+fp/hard\libc_nano.a(libc_a-findfp.o) (_fwalk_sglue)
C:/ST/STM32CubeIDE_1.13.2/STM32CubeIDE/plugins/com.st.stm32cube.ide.mcu.externaltools.gnu-tools-for-stm32.11.3.rel1.win32_1.1.1.202309131626/tools/bin/../lib/gcc/arm-none-eabi/11.3.1/../../../../arm-none-eabi/lib/thumb/v7e-m+fp/hard\libc_nano.a(libc_a-stdio.o)
                              C:/ST/STM32CubeIDE_1.13.2/STM32CubeIDE/plugins/com.st.stm32cube.ide.mcu.externaltools.gnu-tools-for-stm32.11.3.rel1.win32_1.1.1.202309131626/tools/bin/../lib/gcc/arm-none-eabi/11.3.1/../../../../arm-none-eabi/lib/thumb/v7e-m+fp/hard\libc_nano.a(libc_a-findfp.o) (__sread)
C:/ST/STM32CubeIDE_1.13.2/STM32CubeIDE/plugins/com.st.stm32cube.ide.mcu.externaltools.gnu-tools-for-stm32.11.3.rel1.win32_1.1.1.202309131626/tools/bin/../lib/gcc/arm-none-eabi/11.3.1/../../../../arm-none-eabi/lib/thumb/v7e-m+fp/hard\libc_nano.a(libc_a-memset.o)
                              C:/ST/STM32CubeIDE_1.13.2/STM32CubeIDE/plugins/com.st.stm32cube.ide.mcu.externaltools.gnu-tools-for-stm32.11.3.rel1.win32_1.1.1.202309131626/tools/bin/../lib/gcc/arm-none-eabi/11.3.1/../../../../arm-none-eabi/lib/thumb/v7e-m+fp/hard/crt0.o (memset)
C:/ST/STM32CubeIDE_1.13.2/STM32CubeIDE/plugins/com.st.stm32cube.ide.mcu.externaltools.gnu-tools-for-stm32.11.3.rel1.win32_1.1.1.202309131626/tools/bin/../lib/gcc/arm-none-eabi/11.3.1/../../../../arm-none-eabi/lib/thumb/v7e-m+fp/hard\libc_nano.a(libc_a-closer.o)
                              C:/ST/STM32CubeIDE_1.13.2/STM32CubeIDE/plugins/com.st.stm32cube.ide.mcu.externaltools.gnu-tools-for-stm32.11.3.rel1.win32_1.1.1.202309131626/tools/bin/../lib/gcc/arm-none-eabi/11.3.1/../../../../arm-none-eabi/lib/thumb/v7e-m+fp/hard\libc_nano.a(libc_a-stdio.o) (_close_r)
C:/ST/STM32CubeIDE_1.13.2/STM32CubeIDE/plugins/com.st.stm32cube.ide.mcu.externaltools.gnu-tools-for-stm32.11.3.rel1.win32_1.1.1.202309131626/tools/bin/../lib/gcc/arm-none-eabi/11.3.1/../../../../arm-none-eabi/lib/thumb/v7e-m+fp/hard\libc_nano.a(libc_a-reent.o)
                              C:/ST/STM32CubeIDE_1.13.2/STM32CubeIDE/plugins/com.st.stm32cube.ide.mcu.externaltools.gnu-tools-for-stm32.11.3.rel1.win32_1.1.1.202309131626/tools/bin/../lib/gcc/arm-none-eabi/11.3.1/../../../../arm-none-eabi/lib/thumb/v7e-m+fp/hard\libc_nano.a(libc_a-closer.o) (errno)
C:/ST/STM32CubeIDE_1.13.2/STM32CubeIDE/plugins/com.st.stm32cube.ide.mcu.externaltools.gnu-tools-for-stm32.11.3.rel1.win32_1.1.1.202309131626/tools/bin/../lib/gcc/arm-none-eabi/11.3.1/../../../../arm-none-eabi/lib/thumb/v7e-m+fp/hard\libc_nano.a(libc_a-impure.o)
                              C:/ST/STM32CubeIDE_1.13.2/STM32CubeIDE/plugins/com.st.stm32cube.ide.mcu.externaltools.gnu-tools-for-stm32.11.3.rel1.win32_1.1.1.202309131626/tools/bin/../lib/gcc/arm-none-eabi/11.3.1/../../../../arm-none-eabi/lib/thumb/v7e-m+fp/hard\libc_nano.a(libc_a-reent.o) (_impure_ptr)
C:/ST/STM32CubeIDE_1.13.2/STM32CubeIDE/plugins/com.st.stm32cube.ide.mcu.externaltools.gnu-tools-for-stm32.11.3.rel1.win32_1.1.1.202309131626/tools/bin/../lib/gcc/arm-none-eabi/11.3.1/../../../../arm-none-eabi/lib/thumb/v7e-m+fp/hard\libc_nano.a(libc_a-lseekr.o)
[...]
Memory Configuration

Name             Origin             Length             Attributes
RAM              0x0000000020000000 0x0000000000050000 xrw
FLASH            0x0000000008000000 0x0000000000100000 xr
*default*        0x0000000000000000 0xffffffffffffffff

Linker script and memory map

LOAD C:/ST/STM32CubeIDE_1.13.2/STM32CubeIDE/plugins/com.st.stm32cube.ide.mcu.externaltools.gnu-tools-for-stm32.11.3.rel1.win32_1.1.1.202309131626/tools/bin/../lib/gcc/arm-none-eabi/11.3.1/thumb/v7e-m+fp/hard/crti.o
LOAD C:/ST/STM32CubeIDE_1.13.2/STM32CubeIDE/plugins/com.st.stm32cube.ide.mcu.externaltools.gnu-tools-for-stm32.11.3.rel1.win32_1.1.1.202309131626/tools/bin/../lib/gcc/arm-none-eabi/11.3.1/thumb/v7e-m+fp/hard/crtbegin.o
LOAD C:/ST/STM32CubeIDE_1.13.2/STM32CubeIDE/plugins/com.st.stm32cube.ide.mcu.externaltools.gnu-tools-for-stm32.11.3.rel1.win32_1.1.1.202309131626/tools/bin/../lib/gcc/arm-none-eabi/11.3.1/../../../../arm-none-eabi/lib/thumb/v7e-m+fp/hard/crt0.o
LOAD ./Core/Src/main.o
LOAD ./Core/Src/stm32f7xx_hal_msp.o
LOAD ./Core/Src/stm32f7xx_hal_timebase_tim.o
LOAD ./Core/Src/stm32f7xx_it.o
LOAD ./Core/Src/syscalls.o
LOAD ./Core/Src/sysmem.o
LOAD ./Core/Src/system_stm32f7xx.o
LOAD ./Core/Startup/startup_stm32f746nghx.o
LOAD ./Drivers/STM32F7xx_HAL_Driver/Src/stm32f7xx_hal.o
LOAD ./Drivers/STM32F7xx_HAL_Driver/Src/stm32f7xx_hal_cortex.o
LOAD ./Drivers/STM32F7xx_HAL_Driver/Src/stm32f7xx_hal_dma.o
LOAD ./Drivers/STM32F7xx_HAL_Driver/Src/stm32f7xx_hal_dma_ex.o
LOAD ./Drivers/STM32F7xx_HAL_Driver/Src/stm32f7xx_hal_exti.o
LOAD ./Drivers/STM32F7xx_HAL_Driver/Src/stm32f7xx_hal_flash.o
LOAD ./Drivers/STM32F7xx_HAL_Driver/Src/stm32f7xx_hal_flash_ex.o
LOAD ./Drivers/STM32F7xx_HAL_Driver/Src/stm32f7xx_hal_gpio.o
LOAD ./Drivers/STM32F7xx_HAL_Driver/Src/stm32f7xx_hal_i2c.o
LOAD ./Drivers/STM32F7xx_HAL_Driver/Src/stm32f7xx_hal_i2c_ex.o
LOAD ./Drivers/STM32F7xx_HAL_Driver/Src/stm32f7xx_hal_pwr.o
LOAD ./Drivers/STM32F7xx_HAL_Driver/Src/stm32f7xx_hal_pwr_ex.o
LOAD ./Drivers/STM32F7xx_HAL_Driver/Src/stm32f7xx_hal_rcc.o
LOAD ./Drivers/STM32F7xx_HAL_Driver/Src/stm32f7xx_hal_rcc_ex.o
LOAD ./Drivers/STM32F7xx_HAL_Driver/Src/stm32f7xx_hal_sd.o
LOAD ./Drivers/STM32F7xx_HAL_Driver/Src/stm32f7xx_hal_tim.o
LOAD ./Drivers/STM32F7xx_HAL_Driver/Src/stm32f7xx_hal_tim_ex.o
LOAD ./Drivers/STM32F7xx_HAL_Driver/Src/stm32f7xx_hal_uart.o
LOAD ./Drivers/STM32F7xx_HAL_Driver/Src/stm32f7xx_hal_uart_ex.o
LOAD ./Drivers/STM32F7xx_HAL_Driver/Src/stm32f7xx_ll_sdmmc.o
LOAD ./FATFS/App/fatfs.o
LOAD ./FATFS/Target/bsp_driver_sd.o
LOAD ./FATFS/Target/fatfs_platform.o
LOAD ./FATFS/Target/sd_diskio.o
LOAD ./Middlewares/Third_Party/FatFs/src/diskio.o
LOAD ./Middlewares/Third_Party/FatFs/src/ff.o
LOAD ./Middlewares/Third_Party/FatFs/src/ff_gen_drv.o
LOAD ./Middlewares/Third_Party/FatFs/src/option/syscall.o
START GROUP
LOAD C:/ST/STM32CubeIDE_1.13.2/STM32CubeIDE/plugins/com.st.stm32cube.ide.mcu.externaltools.gnu-tools-for-stm32.11.3.rel1.win32_1.1.1.202309131626/tools/bin/../lib/gcc/arm-none-eabi/11.3.1/../../../../arm-none-eabi/lib/thumb/v7e-m+fp/hard\libc_nano.a
LOAD C:/ST/STM32CubeIDE_1.13.2/STM32CubeIDE/plugins/com.st.stm32cube.ide.mcu.externaltools.gnu-tools-for-stm32.11.3.rel1.win32_1.1.1.202309131626/tools/bin/../lib/gcc/arm-none-eabi/11.3.1/../../../../arm-none-eabi/lib/thumb/v7e-m+fp/hard\libm.a
END GROUP
START GROUP
LOAD C:/ST/STM32CubeIDE_1.13.2/STM32CubeIDE/plugins/com.st.stm32cube.ide.mcu.externaltools.gnu-tools-for-stm32.11.3.rel1.win32_1.1.1.202309131626/tools/bin/../lib/gcc/arm-none-eabi/11.3.1/thumb/v7e-m+fp/hard\libgcc.a
LOAD C:/ST/STM32CubeIDE_1.13.2/STM32CubeIDE/plugins/com.st.stm32cube.ide.mcu.externaltools.gnu-tools-for-stm32.11.3.rel1.win32_1.1.1.202309131626/tools/bin/../lib/gcc/arm-none-eabi/11.3.1/../../../../arm-none-eabi/lib/thumb/v7e-m+fp/hard\libc_nano.a
END GROUP
START GROUP
LOAD C:/ST/STM32CubeIDE_1.13.2/STM32CubeIDE/plugins/com.st.stm32cube.ide.mcu.externaltools.gnu-tools-for-stm32.11.3.rel1.win32_1.1.1.202309131626/tools/bin/../lib/gcc/arm-none-eabi/11.3.1/thumb/v7e-m+fp/hard\libgcc.a
LOAD C:/ST/STM32CubeIDE_1.13.2/STM32CubeIDE/plugins/com.st.stm32cube.ide.mcu.externaltools.gnu-tools-for-stm32.11.3.rel1.win32_1.1.1.202309131626/tools/bin/../lib/gcc/arm-none-eabi/11.3.1/../../../../arm-none-eabi/lib/thumb/v7e-m+fp/hard\libc_nano.a
LOAD C:/ST/STM32CubeIDE_1.13.2/STM32CubeIDE/plugins/com.st.stm32cube.ide.mcu.externaltools.gnu-tools-for-stm32.11.3.rel1.win32_1.1.1.202309131626/tools/bin/../lib/gcc/arm-none-eabi/11.3.1/../../../../arm-none-eabi/lib/thumb/v7e-m+fp/hard\libnosys.a
END GROUP
START GROUP
LOAD C:/ST/STM32CubeIDE_1.13.2/STM32CubeIDE/plugins/com.st.stm32cube.ide.mcu.externaltools.gnu-tools-for-stm32.11.3.rel1.win32_1.1.1.202309131626/tools/bin/../lib/gcc/arm-none-eabi/11.3.1/thumb/v7e-m+fp/hard\libgcc.a
LOAD C:/ST/STM32CubeIDE_1.13.2/STM32CubeIDE/plugins/com.st.stm32cube.ide.mcu.externaltools.gnu-tools-for-stm32.11.3.rel1.win32_1.1.1.202309131626/tools/bin/../lib/gcc/arm-none-eabi/11.3.1/../../../../arm-none-eabi/lib/thumb/v7e-m+fp/hard\libc_nano.a
LOAD C:/ST/STM32CubeIDE_1.13.2/STM32CubeIDE/plugins/com.st.stm32cube.ide.mcu.externaltools.gnu-tools-for-stm32.11.3.rel1.win32_1.1.1.202309131626/tools/bin/../lib/gcc/arm-none-eabi/11.3.1/../../../../arm-none-eabi/lib/thumb/v7e-m+fp/hard\libnosys.a
END GROUP
LOAD C:/ST/STM32CubeIDE_1.13.2/STM32CubeIDE/plugins/com.st.stm32cube.ide.mcu.externaltools.gnu-tools-for-stm32.11.3.rel1.win32_1.1.1.202309131626/tools/bin/../lib/gcc/arm-none-eabi/11.3.1/thumb/v7e-m+fp/hard/crtend.o
LOAD C:/ST/STM32CubeIDE_1.13.2/STM32CubeIDE/plugins/com.st.stm32cube.ide.mcu.externaltools.gnu-tools-for-stm32.11.3.rel1.win32_1.1.1.202309131626/tools/bin/../lib/gcc/arm-none-eabi/11.3.1/thumb/v7e-m+fp/hard/crtn.o
                0x0000000020050000                _estack = (ORIGIN (RAM) + LENGTH (RAM))
                0x0000000000000400                _Min_Heap_Size = 0x400
                0x0000000000000800                _Min_Stack_Size = 0x800

.isr_vector     0x0000000008000000      0x1c8
                0x0000000008000000                . = ALIGN (0x4)
 *(.isr_vector)
 .isr_vector    0x0000000008000000      0x1c8 ./Core/Startup/startup_stm32f746nghx.o
                0x0000000008000000                g_pfnVectors
                0x00000000080001c8                . = ALIGN (0x4)

.text           0x00000000080001c8     0x8790
                0x00000000080001c8                . = ALIGN (0x4)
 *(.text)
 .text          0x00000000080001c8       0x40 C:/ST/STM32CubeIDE_1.13.2/STM32CubeIDE/plugins/com.st.stm32cube.ide.mcu.externaltools.gnu-tools-for-stm32.11.3.rel1.win32_1.1.1.202309131626/tools/bin/../lib/gcc/arm-none-eabi/11.3.1/thumb/v7e-m+fp/hard/crtbegin.o
 .text          0x0000000008000208       0x30 C:/ST/STM32CubeIDE_1.13.2/STM32CubeIDE/plugins/com.st.stm32cube.ide.mcu.externaltools.gnu-tools-for-stm32.11.3.rel1.win32_1.1.1.202309131626/tools/bin/../lib/gcc/arm-none-eabi/11.3.1/thumb/v7e-m+fp/hard\libgcc.a(_aeabi_uldivmod.o)
                0x0000000008000208                __aeabi_uldivmod
 .text          0x0000000008000238      0x2c8 C:/ST/STM32CubeIDE_1.13.2/STM32CubeIDE/plugins/com.st.stm32cube.ide.mcu.externaltools.gnu-tools-for-stm32.11.3.rel1.win32_1.1.1.202309131626/tools/bin/../lib/gcc/arm-none-eabi/11.3.1/thumb/v7e-m+fp/hard\libgcc.a(_udivmoddi4.o)
                0x0000000008000238                __udivmoddi4
 .text          0x0000000008000500        0x4 C:/ST/STM32CubeIDE_1.13.2/STM32CubeIDE/plugins/com.st.stm32cube.ide.mcu.externaltools.gnu-tools-for-stm32.11.3.rel1.win32_1.1.1.202309131626/tools/bin/../lib/gcc/arm-none-eabi/11.3.1/thumb/v7e-m+fp/hard\libgcc.a(_dvmd_tls.o)
                0x0000000008000500                __aeabi_idiv0
                0x0000000008000500                __aeabi_ldiv0
 *(.text*)
 .text.main     0x0000000008000504       0xd0 ./Core/Src/main.o
                0x0000000008000504                main
 .text.SystemClock_Config
                0x00000000080005d4       0xd0 ./Core/Src/main.o
                0x00000000080005d4                SystemClock_Config
 .text.MX_SDMMC1_SD_Init
                0x00000000080006a4       0x40 ./Core/Src/main.o
 .text.MX_USART1_UART_Init
                0x00000000080006e4       0x60 ./Core/Src/main.o
 .text.MX_DMA_Init
                0x0000000008000744       0x4c ./Core/Src/main.o
 .text.MX_GPIO_Init
                0x0000000008000790      0x8a4 ./Core/Src/main.o
 .text.HAL_TIM_PeriodElapsedCallback
                0x0000000008001034       0x24 ./Core/Src/main.o
                0x0000000008001034                HAL_TIM_PeriodElapsedCallback
 .text.Error_Handler
                0x0000000008001058        0xa ./Core/Src/main.o
                0x0000000008001058                Error_Handler
 *fill*         0x0000000008001062        0x2 
 .text.HAL_MspInit
                0x0000000008001064       0x48 ./Core/Src/stm32f7xx_hal_msp.o
                0x0000000008001064                HAL_MspInit
 .text.HAL_SD_MspInit
                0x00000000080010ac      0x218 ./Core/Src/stm32f7xx_hal_msp.o
                0x00000000080010ac                HAL_SD_MspInit
 .text.HAL_UART_MspInit
                0x00000000080012c4      0x104 ./Core/Src/stm32f7xx_hal_msp.o
                0x00000000080012c4                HAL_UART_MspInit
 .text.HAL_InitTick
                0x00000000080013c8       0xf4 ./Core/Src/stm32f7xx_hal_timebase_tim.o
                0x00000000080013c8                HAL_InitTick
 .text.NMI_Handler
                0x00000000080014bc        0x6 ./Core/Src/stm32f7xx_it.o
                0x00000000080014bc                NMI_Handler
 .text.HardFault_Handler
                0x00000000080014c2        0x6 ./Core/Src/stm32f7xx_it.o
                0x00000000080014c2                HardFault_Handler
 .text.MemManage_Handler
                0x00000000080014c8        0x6 ./Core/Src/stm32f7xx_it.o
                0x00000000080014c8                MemManage_Handler
 .text.BusFault_Handler
                0x00000000080014ce        0x6 ./Core/Src/stm32f7xx_it.o
                0x00000000080014ce                BusFault_Handler
 .text.UsageFault_Handler
                0x00000000080014d4        0x6 ./Core/Src/stm32f7xx_it.o
                0x00000000080014d4                UsageFault_Handler
 .text.SVC_Handler
                0x00000000080014da        0xe ./Core/Src/stm32f7xx_it.o
                0x00000000080014da                SVC_Handler
 .text.DebugMon_Handler
                0x00000000080014e8        0xe ./Core/Src/stm32f7xx_it.o
                0x00000000080014e8                DebugMon_Handler
 .text.PendSV_Handler
                0x00000000080014f6        0xe ./Core/Src/stm32f7xx_it.o
                0x00000000080014f6                PendSV_Handler
 .text.SysTick_Handler
                0x0000000008001504        0xe ./Core/Src/stm32f7xx_it.o
                0x0000000008001504                SysTick_Handler
 *fill*         0x0000000008001512        0x2 
 .text.SDMMC1_IRQHandler
                0x0000000008001514       0x14 ./Core/Src/stm32f7xx_it.o
                0x0000000008001514                SDMMC1_IRQHandler
 .text.TIM6_DAC_IRQHandler
                0x0000000008001528       0x14 ./Core/Src/stm32f7xx_it.o
                0x0000000008001528                TIM6_DAC_IRQHandler
 .text.DMA2_Stream3_IRQHandler
                0x000000000800153c       0x14 ./Core/Src/stm32f7xx_it.o
                0x000000000800153c                DMA2_Stream3_IRQHandler
 .text.DMA2_Stream6_IRQHandler
                0x0000000008001550       0x14 ./Core/Src/stm32f7xx_it.o
                0x0000000008001550                DMA2_Stream6_IRQHandler
 .text.SystemInit
                0x0000000008001564       0x24 ./Core/Src/system_stm32f7xx.o
                0x0000000008001564                SystemInit
 .text.Reset_Handler
                0x0000000008001588       0x50 ./Core/Startup/startup_stm32f746nghx.o
                0x0000000008001588                Reset_Handler
 .text.Default_Handler
                0x00000000080015d8        0x2 ./Core/Startup/startup_stm32f746nghx.o
                0x00000000080015d8                RTC_Alarm_IRQHandler
                0x00000000080015d8                EXTI2_IRQHandler
                0x00000000080015d8                TIM8_CC_IRQHandler
                0x00000000080015d8                UART8_IRQHandler
                0x00000000080015d8                SPI4_IRQHandler
                0x00000000080015d8                TIM1_CC_IRQHandler
                0x00000000080015d8                DMA2_Stream5_IRQHandler
                0x00000000080015d8                DMA1_Stream5_IRQHandler
                0x00000000080015d8                PVD_IRQHandler
                0x00000000080015d8                TAMP_STAMP_IRQHandler
                0x00000000080015d8                CAN2_RX1_IRQHandler
                0x00000000080015d8                EXTI3_IRQHandler
                0x00000000080015d8                TIM8_TRG_COM_TIM14_IRQHandler
                0x00000000080015d8                TIM1_UP_TIM10_IRQHandler
                0x00000000080015d8                TIM8_UP_TIM13_IRQHandler
                0x00000000080015d8                I2C3_ER_IRQHandler
                0x00000000080015d8                EXTI0_IRQHandler
                0x00000000080015d8                I2C2_EV_IRQHandler
                0x00000000080015d8                DMA1_Stream2_IRQHandler
                0x00000000080015d8                CAN1_RX0_IRQHandler
                0x00000000080015d8                FPU_IRQHandler
                0x00000000080015d8                OTG_HS_WKUP_IRQHandler
                0x00000000080015d8                LTDC_ER_IRQHandler
                0x00000000080015d8                CAN2_SCE_IRQHandler
                0x00000000080015d8                DMA2_Stream2_IRQHandler
                0x00000000080015d8                SPI1_IRQHandler
                0x00000000080015d8                TIM1_BRK_TIM9_IRQHandler
                0x00000000080015d8                DCMI_IRQHandler
                0x00000000080015d8                CAN2_RX0_IRQHandler
                0x00000000080015d8                SAI2_IRQHandler
                0x00000000080015d8                USART6_IRQHandler
                0x00000000080015d8                USART3_IRQHandler
                0x00000000080015d8                CAN1_RX1_IRQHandler
                0x00000000080015d8                UART5_IRQHandler
                0x00000000080015d8                DMA2_Stream0_IRQHandler
                0x00000000080015d8                TIM4_IRQHandler
                0x00000000080015d8                QUADSPI_IRQHandler
                0x00000000080015d8                I2C1_EV_IRQHandler
                0x00000000080015d8                DMA1_Stream6_IRQHandler
                0x00000000080015d8                DMA1_Stream1_IRQHandler
                0x00000000080015d8                UART4_IRQHandler
                0x00000000080015d8                TIM3_IRQHandler
                0x00000000080015d8                RCC_IRQHandler
                0x00000000080015d8                TIM8_BRK_TIM12_IRQHandler
                0x00000000080015d8                Default_Handler
                0x00000000080015d8                CEC_IRQHandler
                0x00000000080015d8                EXTI15_10_IRQHandler
                0x00000000080015d8                ADC_IRQHandler
                0x00000000080015d8                DMA1_Stream7_IRQHandler
                0x00000000080015d8                SPI5_IRQHandler
                0x00000000080015d8                TIM7_IRQHandler
                0x00000000080015d8                CAN2_TX_IRQHandler
                0x00000000080015d8                TIM5_IRQHandler
                0x00000000080015d8                DMA2_Stream7_IRQHandler
                0x00000000080015d8                I2C3_EV_IRQHandler
                0x00000000080015d8                EXTI9_5_IRQHandler
                0x00000000080015d8                RTC_WKUP_IRQHandler
                0x00000000080015d8                LTDC_IRQHandler
                0x00000000080015d8                ETH_WKUP_IRQHandler
                0x00000000080015d8                SPDIF_RX_IRQHandler
                0x00000000080015d8                SPI2_IRQHandler
                0x00000000080015d8                OTG_HS_EP1_IN_IRQHandler
                0x00000000080015d8                DMA1_Stream0_IRQHandler
                0x00000000080015d8                CAN1_TX_IRQHandler
                0x00000000080015d8                EXTI4_IRQHandler
                0x00000000080015d8                RNG_IRQHandler
                0x00000000080015d8                ETH_IRQHandler
                0x00000000080015d8                OTG_HS_EP1_OUT_IRQHandler
                0x00000000080015d8                WWDG_IRQHandler
                0x00000000080015d8                SPI6_IRQHandler
                0x00000000080015d8                I2C4_EV_IRQHandler
                0x00000000080015d8                TIM2_IRQHandler
                0x00000000080015d8                OTG_FS_WKUP_IRQHandler
                0x00000000080015d8                TIM1_TRG_COM_TIM11_IRQHandler
                0x00000000080015d8                OTG_HS_IRQHandler
                0x00000000080015d8                DMA2D_IRQHandler
                0x00000000080015d8                EXTI1_IRQHandler
                0x00000000080015d8                UART7_IRQHandler
                0x00000000080015d8                USART2_IRQHandler
                0x00000000080015d8                I2C2_ER_IRQHandler
                0x00000000080015d8                DMA2_Stream1_IRQHandler
                0x00000000080015d8                CAN1_SCE_IRQHandler
                0x00000000080015d8                FLASH_IRQHandler
                0x00000000080015d8                DMA2_Stream4_IRQHandler
                0x00000000080015d8                USART1_IRQHandler
                0x00000000080015d8                OTG_FS_IRQHandler
                0x00000000080015d8                SPI3_IRQHandler
                0x00000000080015d8                DMA1_Stream4_IRQHandler
                0x00000000080015d8                I2C1_ER_IRQHandler
                0x00000000080015d8                FMC_IRQHandler
                0x00000000080015d8                LPTIM1_IRQHandler
                0x00000000080015d8                I2C4_ER_IRQHandler
                0x00000000080015d8                SAI1_IRQHandler
                0x00000000080015d8                DMA1_Stream3_IRQHandler
 .text.HAL_Init
                0x00000000080015da       0x1a ./Drivers/STM32F7xx_HAL_Driver/Src/stm32f7xx_hal.o
                0x00000000080015da                HAL_Init
 .text.HAL_IncTick
                0x00000000080015f4       0x28 ./Drivers/STM32F7xx_HAL_Driver/Src/stm32f7xx_hal.o
                0x00000000080015f4                HAL_IncTick
 .text.HAL_GetTick
                0x000000000800161c       0x18 ./Drivers/STM32F7xx_HAL_Driver/Src/stm32f7xx_hal.o
                0x000000000800161c                HAL_GetTick
 .text.HAL_Delay
                0x0000000008001634       0x48 ./Drivers/STM32F7xx_HAL_Driver/Src/stm32f7xx_hal.o
                0x0000000008001634                HAL_Delay
 .text.__NVIC_SetPriorityGrouping
                0x000000000800167c       0x48 ./Drivers/STM32F7xx_HAL_Driver/Src/stm32f7xx_hal_cortex.o
 .text.__NVIC_GetPriorityGrouping
                0x00000000080016c4       0x1c ./Drivers/STM32F7xx_HAL_Driver/Src/stm32f7xx_hal_cortex.o
 .text.__NVIC_EnableIRQ
                0x00000000080016e0       0x3c ./Drivers/STM32F7xx_HAL_Driver/Src/stm32f7xx_hal_cortex.o
 .text.__NVIC_SetPriority
                0x000000000800171c       0x54 ./Drivers/STM32F7xx_HAL_Driver/Src/stm32f7xx_hal_cortex.o
 .text.NVIC_EncodePriority
                0x0000000008001770       0x66 ./Drivers/STM32F7xx_HAL_Driver/Src/stm32f7xx_hal_cortex.o
 .text.HAL_NVIC_SetPriorityGrouping
                0x00000000080017d6       0x16 ./Drivers/STM32F7xx_HAL_Driver/Src/stm32f7xx_hal_cortex.o
                0x00000000080017d6                HAL_NVIC_SetPriorityGrouping
 .text.HAL_NVIC_SetPriority
                0x00000000080017ec       0x38 ./Drivers/STM32F7xx_HAL_Driver/Src/stm32f7xx_hal_cortex.o
                0x00000000080017ec                HAL_NVIC_SetPriority
 .text.HAL_NVIC_EnableIRQ
                0x0000000008001824       0x1c ./Drivers/STM32F7xx_HAL_Driver/Src/stm32f7xx_hal_cortex.o
                0x0000000008001824                HAL_NVIC_EnableIRQ
 .text.HAL_DMA_Init
                0x0000000008001840      0x15c ./Drivers/STM32F7xx_HAL_Driver/Src/stm32f7xx_hal_dma.o
                0x0000000008001840                HAL_DMA_Init
 .text.HAL_DMA_Start_IT
                0x000000000800199c       0xc0 ./Drivers/STM32F7xx_HAL_Driver/Src/stm32f7xx_hal_dma.o
                0x000000000800199c                HAL_DMA_Start_IT
 .text.HAL_DMA_Abort_IT
                0x0000000008001a5c       0x44 ./Drivers/STM32F7xx_HAL_Driver/Src/stm32f7xx_hal_dma.o
                0x0000000008001a5c                HAL_DMA_Abort_IT
 .text.HAL_DMA_IRQHandler
                0x0000000008001aa0      0x314 ./Drivers/STM32F7xx_HAL_Driver/Src/stm32f7xx_hal_dma.o
                0x0000000008001aa0                HAL_DMA_IRQHandler
 .text.HAL_DMA_GetError
                0x0000000008001db4       0x18 ./Drivers/STM32F7xx_HAL_Driver/Src/stm32f7xx_hal_dma.o
                0x0000000008001db4                HAL_DMA_GetError
 .text.DMA_SetConfig
                0x0000000008001dcc       0x5c ./Drivers/STM32F7xx_HAL_Driver/Src/stm32f7xx_hal_dma.o
 .text.DMA_CalcBaseAndBitshift
                0x0000000008001e28       0x6c ./Drivers/STM32F7xx_HAL_Driver/Src/stm32f7xx_hal_dma.o
 .text.DMA_CheckFifoParam
                0x0000000008001e94       0xf8 ./Drivers/STM32F7xx_HAL_Driver/Src/stm32f7xx_hal_dma.o
 .text.HAL_GPIO_Init
                0x0000000008001f8c      0x358 ./Drivers/STM32F7xx_HAL_Driver/Src/stm32f7xx_hal_gpio.o
                0x0000000008001f8c                HAL_GPIO_Init
 .text.HAL_GPIO_ReadPin
                0x00000000080022e4       0x30 ./Drivers/STM32F7xx_HAL_Driver/Src/stm32f7xx_hal_gpio.o
                0x00000000080022e4                HAL_GPIO_ReadPin
 .text.HAL_GPIO_WritePin
                0x0000000008002314       0x32 ./Drivers/STM32F7xx_HAL_Driver/Src/stm32f7xx_hal_gpio.o
                0x0000000008002314                HAL_GPIO_WritePin
 *fill*         0x0000000008002346        0x2 
 .text.HAL_RCC_OscConfig
                0x0000000008002348      0x548 ./Drivers/STM32F7xx_HAL_Driver/Src/stm32f7xx_hal_rcc.o
                0x0000000008002348                HAL_RCC_OscConfig
 .text.HAL_RCC_ClockConfig
                0x0000000008002890      0x1d8 ./Drivers/STM32F7xx_HAL_Driver/Src/stm32f7xx_hal_rcc.o
                0x0000000008002890                HAL_RCC_ClockConfig
 .text.HAL_RCC_GetSysClockFreq
                0x0000000008002a68      0x18c ./Drivers/STM32F7xx_HAL_Driver/Src/stm32f7xx_hal_rcc.o
                0x0000000008002a68                HAL_RCC_GetSysClockFreq
 .text.HAL_RCC_GetHCLKFreq
                0x0000000008002bf4       0x18 ./Drivers/STM32F7xx_HAL_Driver/Src/stm32f7xx_hal_rcc.o
                0x0000000008002bf4                HAL_RCC_GetHCLKFreq
 .text.HAL_RCC_GetPCLK1Freq
                0x0000000008002c0c       0x28 ./Drivers/STM32F7xx_HAL_Driver/Src/stm32f7xx_hal_rcc.o
                0x0000000008002c0c                HAL_RCC_GetPCLK1Freq
 .text.HAL_RCC_GetPCLK2Freq
                0x0000000008002c34       0x28 ./Drivers/STM32F7xx_HAL_Driver/Src/stm32f7xx_hal_rcc.o
                0x0000000008002c34                HAL_RCC_GetPCLK2Freq
 .text.HAL_RCC_GetClockConfig
                0x0000000008002c5c       0x64 ./Drivers/STM32F7xx_HAL_Driver/Src/stm32f7xx_hal_rcc.o
                0x0000000008002c5c                HAL_RCC_GetClockConfig
 .text.HAL_RCCEx_PeriphCLKConfig
                0x0000000008002cc0      0x7e0 ./Drivers/STM32F7xx_HAL_Driver/Src/stm32f7xx_hal_rcc_ex.o
                0x0000000008002cc0                HAL_RCCEx_PeriphCLKConfig
 .text.HAL_SD_Init
                0x00000000080034a0       0x60 ./Drivers/STM32F7xx_HAL_Driver/Src/stm32f7xx_hal_sd.o
                0x00000000080034a0                HAL_SD_Init
 .text.HAL_SD_InitCard
                0x0000000008003500      0x110 ./Drivers/STM32F7xx_HAL_Driver/Src/stm32f7xx_hal_sd.o
                0x0000000008003500                HAL_SD_InitCard
 .text.HAL_SD_ReadBlocks_DMA
                0x0000000008003610      0x1c4 ./Drivers/STM32F7xx_HAL_Driver/Src/stm32f7xx_hal_sd.o
                0x0000000008003610                HAL_SD_ReadBlocks_DMA
 .text.HAL_SD_WriteBlocks_DMA
                0x00000000080037d4      0x1cc ./Drivers/STM32F7xx_HAL_Driver/Src/stm32f7xx_hal_sd.o
                0x00000000080037d4                HAL_SD_WriteBlocks_DMA
 .text.HAL_SD_IRQHandler
                0x00000000080039a0      0x2ec ./Drivers/STM32F7xx_HAL_Driver/Src/stm32f7xx_hal_sd.o
                0x00000000080039a0                HAL_SD_IRQHandler
 .text.HAL_SD_ErrorCallback
                0x0000000008003c8c       0x14 ./Drivers/STM32F7xx_HAL_Driver/Src/stm32f7xx_hal_sd.o
                0x0000000008003c8c                HAL_SD_ErrorCallback
 .text.HAL_SD_GetCardCSD
                0x0000000008003ca0      0x348 ./Drivers/STM32F7xx_HAL_Driver/Src/stm32f7xx_hal_sd.o
                0x0000000008003ca0                HAL_SD_GetCardCSD
 .text.HAL_SD_GetCardInfo
                0x0000000008003fe8       0x58 ./Drivers/STM32F7xx_HAL_Driver/Src/stm32f7xx_hal_sd.o
                0x0000000008003fe8                HAL_SD_GetCardInfo
 .text.HAL_SD_GetCardState
                0x0000000008004040       0x40 ./Drivers/STM32F7xx_HAL_Driver/Src/stm32f7xx_hal_sd.o
                0x0000000008004040                HAL_SD_GetCardState
 .text.SD_DMATransmitCplt
                0x0000000008004080       0x2a ./Drivers/STM32F7xx_HAL_Driver/Src/stm32f7xx_hal_sd.o
 .text.SD_DMAReceiveCplt
                0x00000000080040aa       0x70 ./Drivers/STM32F7xx_HAL_Driver/Src/stm32f7xx_hal_sd.o
 *fill*         0x000000000800411a        0x2 
 .text.SD_DMAError
                0x000000000800411c       0xa4 ./Drivers/STM32F7xx_HAL_Driver/Src/stm32f7xx_hal_sd.o
 .text.SD_DMATxAbort
                0x00000000080041c0       0x6e ./Drivers/STM32F7xx_HAL_Driver/Src/stm32f7xx_hal_sd.o
 .text.SD_DMARxAbort
                0x000000000800422e       0x6e ./Drivers/STM32F7xx_HAL_Driver/Src/stm32f7xx_hal_sd.o
 .text.SD_InitCard
                0x000000000800429c      0x19c ./Drivers/STM32F7xx_HAL_Driver/Src/stm32f7xx_hal_sd.o
 .text.SD_PowerON
                0x0000000008004438      0x11c ./Drivers/STM32F7xx_HAL_Driver/Src/stm32f7xx_hal_sd.o
 .text.SD_SendStatus
                0x0000000008004554       0x50 ./Drivers/STM32F7xx_HAL_Driver/Src/stm32f7xx_hal_sd.o
 .text.SD_Read_IT
                0x00000000080045a4       0xa2 ./Drivers/STM32F7xx_HAL_Driver/Src/stm32f7xx_hal_sd.o
 .text.SD_Write_IT
                0x0000000008004646       0xaa ./Drivers/STM32F7xx_HAL_Driver/Src/stm32f7xx_hal_sd.o
 .text.HAL_TIM_Base_Init
                0x00000000080046f0       0xae ./Drivers/STM32F7xx_HAL_Driver/Src/stm32f7xx_hal_tim.o
                0x00000000080046f0                HAL_TIM_Base_Init
 .text.HAL_TIM_Base_MspInit
                0x000000000800479e       0x14 ./Drivers/STM32F7xx_HAL_Driver/Src/stm32f7xx_hal_tim.o
                0x000000000800479e                HAL_TIM_Base_MspInit
 *fill*         0x00000000080047b2        0x2 
 .text.HAL_TIM_Base_Start_IT
                0x00000000080047b4       0xf0 ./Drivers/STM32F7xx_HAL_Driver/Src/stm32f7xx_hal_tim.o
                0x00000000080047b4                HAL_TIM_Base_Start_IT
 .text.HAL_TIM_IRQHandler
                0x00000000080048a4      0x23e ./Drivers/STM32F7xx_HAL_Driver/Src/stm32f7xx_hal_tim.o
                0x00000000080048a4                HAL_TIM_IRQHandler
 .text.HAL_TIM_OC_DelayElapsedCallback
                0x0000000008004ae2       0x14 ./Drivers/STM32F7xx_HAL_Driver/Src/stm32f7xx_hal_tim.o
                0x0000000008004ae2                HAL_TIM_OC_DelayElapsedCallback
 .text.HAL_TIM_IC_CaptureCallback
                0x0000000008004af6       0x14 ./Drivers/STM32F7xx_HAL_Driver/Src/stm32f7xx_hal_tim.o
                0x0000000008004af6                HAL_TIM_IC_CaptureCallback
 .text.HAL_TIM_PWM_PulseFinishedCallback
                0x0000000008004b0a       0x14 ./Drivers/STM32F7xx_HAL_Driver/Src/stm32f7xx_hal_tim.o
                0x0000000008004b0a                HAL_TIM_PWM_PulseFinishedCallback
 .text.HAL_TIM_TriggerCallback
                0x0000000008004b1e       0x14 ./Drivers/STM32F7xx_HAL_Driver/Src/stm32f7xx_hal_tim.o
                0x0000000008004b1e                HAL_TIM_TriggerCallback
 *fill*         0x0000000008004b32        0x2 
 .text.TIM_Base_SetConfig
                0x0000000008004b34      0x140 ./Drivers/STM32F7xx_HAL_Driver/Src/stm32f7xx_hal_tim.o
                0x0000000008004b34                TIM_Base_SetConfig
 .text.HAL_TIMEx_CommutCallback
                0x0000000008004c74       0x14 ./Drivers/STM32F7xx_HAL_Driver/Src/stm32f7xx_hal_tim_ex.o
                0x0000000008004c74                HAL_TIMEx_CommutCallback
 .text.HAL_TIMEx_BreakCallback
                0x0000000008004c88       0x14 ./Drivers/STM32F7xx_HAL_Driver/Src/stm32f7xx_hal_tim_ex.o
                0x0000000008004c88                HAL_TIMEx_BreakCallback
 .text.HAL_TIMEx_Break2Callback
                0x0000000008004c9c       0x14 ./Drivers/STM32F7xx_HAL_Driver/Src/stm32f7xx_hal_tim_ex.o
                0x0000000008004c9c                HAL_TIMEx_Break2Callback
 .text.HAL_UART_Init
                0x0000000008004cb0       0x9c ./Drivers/STM32F7xx_HAL_Driver/Src/stm32f7xx_hal_uart.o
                0x0000000008004cb0                HAL_UART_Init
 .text.HAL_UART_Transmit
                0x0000000008004d4c      0x106 ./Drivers/STM32F7xx_HAL_Driver/Src/stm32f7xx_hal_uart.o
                0x0000000008004d4c                HAL_UART_Transmit
 *fill*         0x0000000008004e52        0x2 
 .text.UART_SetConfig
                0x0000000008004e54      0x4c8 ./Drivers/STM32F7xx_HAL_Driver/Src/stm32f7xx_hal_uart.o
                0x0000000008004e54                UART_SetConfig
 .text.UART_AdvFeatureConfig
                0x000000000800531c      0x144 ./Drivers/STM32F7xx_HAL_Driver/Src/stm32f7xx_hal_uart.o
                0x000000000800531c                UART_AdvFeatureConfig
 .text.UART_CheckIdleState
                0x0000000008005460       0x6e ./Drivers/STM32F7xx_HAL_Driver/Src/stm32f7xx_hal_uart.o
                0x0000000008005460                UART_CheckIdleState
 .text.UART_WaitOnFlagUntilTimeout
                0x00000000080054ce      0x18c ./Drivers/STM32F7xx_HAL_Driver/Src/stm32f7xx_hal_uart.o
                0x00000000080054ce                UART_WaitOnFlagUntilTimeout
 *fill*         0x000000000800565a        0x2 
 .text.SDMMC_Init
                0x000000000800565c       0x58 ./Drivers/STM32F7xx_HAL_Driver/Src/stm32f7xx_ll_sdmmc.o
                0x000000000800565c                SDMMC_Init
 .text.SDMMC_ReadFIFO
                0x00000000080056b4       0x1a ./Drivers/STM32F7xx_HAL_Driver/Src/stm32f7xx_ll_sdmmc.o
                0x00000000080056b4                SDMMC_ReadFIFO
 .text.SDMMC_WriteFIFO
                0x00000000080056ce       0x22 ./Drivers/STM32F7xx_HAL_Driver/Src/stm32f7xx_ll_sdmmc.o
                0x00000000080056ce                SDMMC_WriteFIFO
 .text.SDMMC_PowerState_ON
                0x00000000080056f0       0x1c ./Drivers/STM32F7xx_HAL_Driver/Src/stm32f7xx_ll_sdmmc.o
                0x00000000080056f0                SDMMC_PowerState_ON
 .text.SDMMC_GetPowerState
                0x000000000800570c       0x1c ./Drivers/STM32F7xx_HAL_Driver/Src/stm32f7xx_ll_sdmmc.o
                0x000000000800570c                SDMMC_GetPowerState
 .text.SDMMC_SendCommand
                0x0000000008005728       0x54 ./Drivers/STM32F7xx_HAL_Driver/Src/stm32f7xx_ll_sdmmc.o
                0x0000000008005728                SDMMC_SendCommand
 .text.SDMMC_GetCommandResponse
                0x000000000800577c       0x1a ./Drivers/STM32F7xx_HAL_Driver/Src/stm32f7xx_ll_sdmmc.o
                0x000000000800577c                SDMMC_GetCommandResponse
 .text.SDMMC_GetResponse
                0x0000000008005796       0x26 ./Drivers/STM32F7xx_HAL_Driver/Src/stm32f7xx_ll_sdmmc.o
                0x0000000008005796                SDMMC_GetResponse
 .text.SDMMC_ConfigData
                0x00000000080057bc       0x58 ./Drivers/STM32F7xx_HAL_Driver/Src/stm32f7xx_ll_sdmmc.o
                0x00000000080057bc                SDMMC_ConfigData
 .text.SDMMC_CmdBlockLength
                0x0000000008005814       0x44 ./Drivers/STM32F7xx_HAL_Driver/Src/stm32f7xx_ll_sdmmc.o
                0x0000000008005814                SDMMC_CmdBlockLength
 .text.SDMMC_CmdReadSingleBlock
                0x0000000008005858       0x44 ./Drivers/STM32F7xx_HAL_Driver/Src/stm32f7xx_ll_sdmmc.o
                0x0000000008005858                SDMMC_CmdReadSingleBlock
 .text.SDMMC_CmdReadMultiBlock
                0x000000000800589c       0x44 ./Drivers/STM32F7xx_HAL_Driver/Src/stm32f7xx_ll_sdmmc.o
                0x000000000800589c                SDMMC_CmdReadMultiBlock
 .text.SDMMC_CmdWriteSingleBlock
                0x00000000080058e0       0x44 ./Drivers/STM32F7xx_HAL_Driver/Src/stm32f7xx_ll_sdmmc.o
                0x00000000080058e0                SDMMC_CmdWriteSingleBlock
 .text.SDMMC_CmdWriteMultiBlock
                0x0000000008005924       0x44 ./Drivers/STM32F7xx_HAL_Driver/Src/stm32f7xx_ll_sdmmc.o
                0x0000000008005924                SDMMC_CmdWriteMultiBlock
 .text.SDMMC_CmdStopTransfer
                0x0000000008005968       0x44 ./Drivers/STM32F7xx_HAL_Driver/Src/stm32f7xx_ll_sdmmc.o
                0x0000000008005968                SDMMC_CmdStopTransfer
 .text.SDMMC_CmdSelDesel
                0x00000000080059ac       0x46 ./Drivers/STM32F7xx_HAL_Driver/Src/stm32f7xx_ll_sdmmc.o
                0x00000000080059ac                SDMMC_CmdSelDesel
 .text.SDMMC_CmdGoIdleState
                0x00000000080059f2       0x3c ./Drivers/STM32F7xx_HAL_Driver/Src/stm32f7xx_ll_sdmmc.o
                0x00000000080059f2                SDMMC_CmdGoIdleState
 .text.SDMMC_CmdOperCond
                0x0000000008005a2e       0x3e ./Drivers/STM32F7xx_HAL_Driver/Src/stm32f7xx_ll_sdmmc.o
                0x0000000008005a2e                SDMMC_CmdOperCond
 .text.SDMMC_CmdAppCommand
                0x0000000008005a6c       0x44 ./Drivers/STM32F7xx_HAL_Driver/Src/stm32f7xx_ll_sdmmc.o
                0x0000000008005a6c                SDMMC_CmdAppCommand
 .text.SDMMC_CmdAppOperCommand
                0x0000000008005ab0       0x48 ./Drivers/STM32F7xx_HAL_Driver/Src/stm32f7xx_ll_sdmmc.o
                0x0000000008005ab0                SDMMC_CmdAppOperCommand
 .text.SDMMC_CmdSendCID
                0x0000000008005af8       0x3c ./Drivers/STM32F7xx_HAL_Driver/Src/stm32f7xx_ll_sdmmc.o
                0x0000000008005af8                SDMMC_CmdSendCID
 .text.SDMMC_CmdSendCSD
                0x0000000008005b34       0x3e ./Drivers/STM32F7xx_HAL_Driver/Src/stm32f7xx_ll_sdmmc.o
                0x0000000008005b34                SDMMC_CmdSendCSD
 .text.SDMMC_CmdSetRelAdd
                0x0000000008005b72       0x42 ./Drivers/STM32F7xx_HAL_Driver/Src/stm32f7xx_ll_sdmmc.o
                0x0000000008005b72                SDMMC_CmdSetRelAdd
 .text.SDMMC_CmdSendStatus
                0x0000000008005bb4       0x44 ./Drivers/STM32F7xx_HAL_Driver/Src/stm32f7xx_ll_sdmmc.o
                0x0000000008005bb4                SDMMC_CmdSendStatus
 .text.SDMMC_GetCmdResp1
                0x0000000008005bf8      0x1dc ./Drivers/STM32F7xx_HAL_Driver/Src/stm32f7xx_ll_sdmmc.o
                0x0000000008005bf8                SDMMC_GetCmdResp1
 .text.SDMMC_GetCmdResp2
                0x0000000008005dd4       0x90 ./Drivers/STM32F7xx_HAL_Driver/Src/stm32f7xx_ll_sdmmc.o
                0x0000000008005dd4                SDMMC_GetCmdResp2
 .text.SDMMC_GetCmdResp3
                0x0000000008005e64       0x7c ./Drivers/STM32F7xx_HAL_Driver/Src/stm32f7xx_ll_sdmmc.o
                0x0000000008005e64                SDMMC_GetCmdResp3
 .text.SDMMC_GetCmdResp6
                0x0000000008005ee0       0xec ./Drivers/STM32F7xx_HAL_Driver/Src/stm32f7xx_ll_sdmmc.o
                0x0000000008005ee0                SDMMC_GetCmdResp6
 .text.SDMMC_GetCmdResp7
                0x0000000008005fcc       0x9c ./Drivers/STM32F7xx_HAL_Driver/Src/stm32f7xx_ll_sdmmc.o
                0x0000000008005fcc                SDMMC_GetCmdResp7
 .text.SDMMC_GetCmdError
                0x0000000008006068       0x58 ./Drivers/STM32F7xx_HAL_Driver/Src/stm32f7xx_ll_sdmmc.o
 .text.MX_FATFS_Init
                0x00000000080060c0       0x24 ./FATFS/App/fatfs.o
                0x00000000080060c0                MX_FATFS_Init
 .text.get_fattime
                0x00000000080060e4       0x10 ./FATFS/App/fatfs.o
                0x00000000080060e4                get_fattime
 .text.BSP_SD_Init
                0x00000000080060f4       0x30 ./FATFS/Target/bsp_driver_sd.o
                0x00000000080060f4                BSP_SD_Init
 .text.BSP_SD_ReadBlocks_DMA
                0x0000000008006124       0x34 ./FATFS/Target/bsp_driver_sd.o
                0x0000000008006124                BSP_SD_ReadBlocks_DMA
 .text.BSP_SD_WriteBlocks_DMA
                0x0000000008006158       0x34 ./FATFS/Target/bsp_driver_sd.o
                0x0000000008006158                BSP_SD_WriteBlocks_DMA
 .text.BSP_SD_GetCardState
                0x000000000800618c       0x20 ./FATFS/Target/bsp_driver_sd.o
                0x000000000800618c                BSP_SD_GetCardState
 .text.BSP_SD_GetCardInfo
                0x00000000080061ac       0x1c ./FATFS/Target/bsp_driver_sd.o
                0x00000000080061ac                BSP_SD_GetCardInfo
 .text.HAL_SD_AbortCallback
                0x00000000080061c8       0x14 ./FATFS/Target/bsp_driver_sd.o
                0x00000000080061c8                HAL_SD_AbortCallback
 .text.HAL_SD_TxCpltCallback
                0x00000000080061dc       0x14 ./FATFS/Target/bsp_driver_sd.o
                0x00000000080061dc                HAL_SD_TxCpltCallback
 .text.HAL_SD_RxCpltCallback
                0x00000000080061f0       0x14 ./FATFS/Target/bsp_driver_sd.o
                0x00000000080061f0                HAL_SD_RxCpltCallback
 .text.BSP_SD_AbortCallback
                0x0000000008006204        0xe ./FATFS/Target/bsp_driver_sd.o
                0x0000000008006204                BSP_SD_AbortCallback
 .text.BSP_SD_IsDetected
                0x0000000008006212       0x24 ./FATFS/Target/bsp_driver_sd.o
                0x0000000008006212                BSP_SD_IsDetected
 *fill*         0x0000000008006236        0x2 
 .text.BSP_PlatformIsDetected
                0x0000000008006238       0x2c ./FATFS/Target/fatfs_platform.o
                0x0000000008006238                BSP_PlatformIsDetected
 .text.SD_CheckStatusWithTimeout
                0x0000000008006264       0x3a ./FATFS/Target/sd_diskio.o
 *fill*         0x000000000800629e        0x2 
 .text.SD_CheckStatus
                0x00000000080062a0       0x3c ./FATFS/Target/sd_diskio.o
 .text.SD_initialize
                0x00000000080062dc       0x38 ./FATFS/Target/sd_diskio.o
                0x00000000080062dc                SD_initialize
 .text.SD_status
                0x0000000008006314       0x1c ./FATFS/Target/sd_diskio.o
                0x0000000008006314                SD_status
 .text.SD_read  0x0000000008006330       0xac ./FATFS/Target/sd_diskio.o
                0x0000000008006330                SD_read
 .text.SD_write
                0x00000000080063dc       0xac ./FATFS/Target/sd_diskio.o
                0x00000000080063dc                SD_write
 .text.SD_ioctl
                0x0000000008006488       0xb0 ./FATFS/Target/sd_diskio.o
                0x0000000008006488                SD_ioctl
 .text.BSP_SD_WriteCpltCallback
                0x0000000008006538       0x18 ./FATFS/Target/sd_diskio.o
                0x0000000008006538                BSP_SD_WriteCpltCallback
 .text.BSP_SD_ReadCpltCallback
                0x0000000008006550       0x18 ./FATFS/Target/sd_diskio.o
                0x0000000008006550                BSP_SD_ReadCpltCallback
 .text.disk_status
                0x0000000008006568       0x34 ./Middlewares/Third_Party/FatFs/src/diskio.o
                0x0000000008006568                disk_status
 .text.disk_initialize
                0x000000000800659c       0x4c ./Middlewares/Third_Party/FatFs/src/diskio.o
                0x000000000800659c                disk_initialize
 .text.disk_read
                0x00000000080065e8       0x40 ./Middlewares/Third_Party/FatFs/src/diskio.o
                0x00000000080065e8                disk_read
 .text.disk_write
                0x0000000008006628       0x40 ./Middlewares/Third_Party/FatFs/src/diskio.o
                0x0000000008006628                disk_write
 .text.disk_ioctl
                0x0000000008006668       0x3c ./Middlewares/Third_Party/FatFs/src/diskio.o
                0x0000000008006668                disk_ioctl
 .text.ld_word  0x00000000080066a4       0x30 ./Middlewares/Third_Party/FatFs/src/ff.o
 .text.ld_dword
                0x00000000080066d4       0x46 ./Middlewares/Third_Party/FatFs/src/ff.o
 .text.st_word  0x000000000800671a       0x36 ./Middlewares/Third_Party/FatFs/src/ff.o
 .text.st_dword
                0x0000000008006750       0x58 ./Middlewares/Third_Party/FatFs/src/ff.o
 .text.mem_cpy  0x00000000080067a8       0x42 ./Middlewares/Third_Party/FatFs/src/ff.o
 .text.mem_set  0x00000000080067ea       0x36 ./Middlewares/Third_Party/FatFs/src/ff.o
 .text.mem_cmp  0x0000000008006820       0x4e ./Middlewares/Third_Party/FatFs/src/ff.o
 .text.chk_chr  0x000000000800686e       0x36 ./Middlewares/Third_Party/FatFs/src/ff.o
 .text.chk_lock
                0x00000000080068a4       0xb8 ./Middlewares/Third_Party/FatFs/src/ff.o
 .text.enq_lock
                0x000000000800695c       0x44 ./Middlewares/Third_Party/FatFs/src/ff.o
 .text.inc_lock
                0x00000000080069a0      0x11c ./Middlewares/Third_Party/FatFs/src/ff.o
 .text.dec_lock
                0x0000000008006abc       0x78 ./Middlewares/Third_Party/FatFs/src/ff.o
 .text.clear_lock
                0x0000000008006b34       0x48 ./Middlewares/Third_Party/FatFs/src/ff.o
 .text.sync_window
                0x0000000008006b7c       0x88 ./Middlewares/Third_Party/FatFs/src/ff.o
 .text.move_window
                0x0000000008006c04       0x5a ./Middlewares/Third_Party/FatFs/src/ff.o
 *fill*         0x0000000008006c5e        0x2 
 .text.sync_fs  0x0000000008006c60       0xdc ./Middlewares/Third_Party/FatFs/src/ff.o
 .text.clust2sect
                0x0000000008006d3c       0x3e ./Middlewares/Third_Party/FatFs/src/ff.o
 .text.get_fat  0x0000000008006d7a      0x150 ./Middlewares/Third_Party/FatFs/src/ff.o
 .text.put_fat  0x0000000008006eca      0x1d4 ./Middlewares/Third_Party/FatFs/src/ff.o
 .text.remove_chain
                0x000000000800709e       0xca ./Middlewares/Third_Party/FatFs/src/ff.o
 .text.create_chain
                0x0000000008007168      0x130 ./Middlewares/Third_Party/FatFs/src/ff.o
 .text.clmt_clust
                0x0000000008007298       0x68 ./Middlewares/Third_Party/FatFs/src/ff.o
 .text.dir_sdi  0x0000000008007300       0xf6 ./Middlewares/Third_Party/FatFs/src/ff.o
 .text.dir_next
                0x00000000080073f6      0x18a ./Middlewares/Third_Party/FatFs/src/ff.o
 .text.dir_alloc
                0x0000000008007580       0x8e ./Middlewares/Third_Party/FatFs/src/ff.o
 .text.ld_clust
                0x000000000800760e       0x3e ./Middlewares/Third_Party/FatFs/src/ff.o
 .text.st_clust
                0x000000000800764c       0x40 ./Middlewares/Third_Party/FatFs/src/ff.o
 .text.dir_find
                0x000000000800768c       0xaa ./Middlewares/Third_Party/FatFs/src/ff.o
 .text.dir_register
                0x0000000008007736       0x64 ./Middlewares/Third_Party/FatFs/src/ff.o
 *fill*         0x000000000800779a        0x2 
 .text.create_name
                0x000000000800779c      0x128 ./Middlewares/Third_Party/FatFs/src/ff.o
 .text.follow_path
                0x00000000080078c4       0xe2 ./Middlewares/Third_Party/FatFs/src/ff.o
 .text.get_ldnumber
                0x00000000080079a6       0x88 ./Middlewares/Third_Party/FatFs/src/ff.o
 *fill*         0x0000000008007a2e        0x2 
 .text.check_fs
                0x0000000008007a30       0xac ./Middlewares/Third_Party/FatFs/src/ff.o
 .text.find_volume
                0x0000000008007adc      0x498 ./Middlewares/Third_Party/FatFs/src/ff.o
 .text.validate
                0x0000000008007f74       0x6a ./Middlewares/Third_Party/FatFs/src/ff.o
 *fill*         0x0000000008007fde        0x2 
 .text.f_mount  0x0000000008007fe0       0x8c ./Middlewares/Third_Party/FatFs/src/ff.o
                0x0000000008007fe0                f_mount
 .text.f_open   0x000000000800806c      0x37c ./Middlewares/Third_Party/FatFs/src/ff.o
                0x000000000800806c                f_open
 .text.f_read   0x00000000080083e8      0x27e ./Middlewares/Third_Party/FatFs/src/ff.o
                0x00000000080083e8                f_read
 .text.f_sync   0x0000000008008666       0xfc ./Middlewares/Third_Party/FatFs/src/ff.o
                0x0000000008008666                f_sync
 .text.f_close  0x0000000008008762       0x54 ./Middlewares/Third_Party/FatFs/src/ff.o
                0x0000000008008762                f_close
 .text.f_gets   0x00000000080087b6       0x7a ./Middlewares/Third_Party/FatFs/src/ff.o
                0x00000000080087b6                f_gets
 .text.FATFS_LinkDriverEx
                0x0000000008008830       0x98 ./Middlewares/Third_Party/FatFs/src/ff_gen_drv.o
                0x0000000008008830                FATFS_LinkDriverEx
 .text.FATFS_LinkDriver
                0x00000000080088c8       0x1e ./Middlewares/Third_Party/FatFs/src/ff_gen_drv.o
                0x00000000080088c8                FATFS_LinkDriver
 .text.memset   0x00000000080088e6       0x10 C:/ST/STM32CubeIDE_1.13.2/STM32CubeIDE/plugins/com.st.stm32cube.ide.mcu.externaltools.gnu-tools-for-stm32.11.3.rel1.win32_1.1.1.202309131626/tools/bin/../lib/gcc/arm-none-eabi/11.3.1/../../../../arm-none-eabi/lib/thumb/v7e-m+fp/hard\libc_nano.a(libc_a-memset.o)
                0x00000000080088e6                memset
 *fill*         0x00000000080088f6        0x2 
 .text.__libc_init_array
                0x00000000080088f8       0x48 C:/ST/STM32CubeIDE_1.13.2/STM32CubeIDE/plugins/com.st.stm32cube.ide.mcu.externaltools.gnu-tools-for-stm32.11.3.rel1.win32_1.1.1.202309131626/tools/bin/../lib/gcc/arm-none-eabi/11.3.1/../../../../arm-none-eabi/lib/thumb/v7e-m+fp/hard\libc_nano.a(libc_a-init.o)
                0x00000000080088f8                __libc_init_array
 *(.glue_7)
 .glue_7        0x0000000008008940        0x0 linker stubs
 *(.glue_7t)
 .glue_7t       0x0000000008008940        0x0 linker stubs
 *(.eh_frame)
 .eh_frame      0x0000000008008940        0x0 C:/ST/STM32CubeIDE_1.13.2/STM32CubeIDE/plugins/com.st.stm32cube.ide.mcu.externaltools.gnu-tools-for-stm32.11.3.rel1.win32_1.1.1.202309131626/tools/bin/../lib/gcc/arm-none-eabi/11.3.1/thumb/v7e-m+fp/hard/crtbegin.o
 *(.init)
 .init          0x0000000008008940        0x4 C:/ST/STM32CubeIDE_1.13.2/STM32CubeIDE/plugins/com.st.stm32cube.ide.mcu.externaltools.gnu-tools-for-stm32.11.3.rel1.win32_1.1.1.202309131626/tools/bin/../lib/gcc/arm-none-eabi/11.3.1/thumb/v7e-m+fp/hard/crti.o
                0x0000000008008940                _init
 .init          0x0000000008008944        0x8 C:/ST/STM32CubeIDE_1.13.2/STM32CubeIDE/plugins/com.st.stm32cube.ide.mcu.externaltools.gnu-tools-for-stm32.11.3.rel1.win32_1.1.1.202309131626/tools/bin/../lib/gcc/arm-none-eabi/11.3.1/thumb/v7e-m+fp/hard/crtn.o
 *(.fini)
 .fini          0x000000000800894c        0x4 C:/ST/STM32CubeIDE_1.13.2/STM32CubeIDE/plugins/com.st.stm32cube.ide.mcu.externaltools.gnu-tools-for-stm32.11.3.rel1.win32_1.1.1.202309131626/tools/bin/../lib/gcc/arm-none-eabi/11.3.1/thumb/v7e-m+fp/hard/crti.o
                0x000000000800894c                _fini
 .fini          0x0000000008008950        0x8 C:/ST/STM32CubeIDE_1.13.2/STM32CubeIDE/plugins/com.st.stm32cube.ide.mcu.externaltools.gnu-tools-for-stm32.11.3.rel1.win32_1.1.1.202309131626/tools/bin/../lib/gcc/arm-none-eabi/11.3.1/thumb/v7e-m+fp/hard/crtn.o
                0x0000000008008958                . = ALIGN (0x4)
                0x0000000008008958                _etext = .

.vfp11_veneer   0x0000000008008958        0x0
 .vfp11_veneer  0x0000000008008958        0x0 linker stubs

.v4_bx          0x0000000008008958        0x0
 .v4_bx         0x0000000008008958        0x0 linker stubs

.iplt           0x0000000008008958        0x0
 .iplt          0x0000000008008958        0x0 C:/ST/STM32CubeIDE_1.13.2/STM32CubeIDE/plugins/com.st.stm32cube.ide.mcu.externaltools.gnu-tools-for-stm32.11.3.rel1.win32_1.1.1.202309131626/tools/bin/../lib/gcc/arm-none-eabi/11.3.1/thumb/v7e-m+fp/hard/crtbegin.o

.rodata         0x0000000008008958      0x100
                0x0000000008008958                . = ALIGN (0x4)
 *(.rodata)
 .rodata        0x0000000008008958        0x8 ./Core/Src/main.o
 .rodata        0x0000000008008960       0x44 ./Middlewares/Third_Party/FatFs/src/ff.o
 *(.rodata*)
 .rodata.AHBPrescTable
                0x00000000080089a4       0x10 ./Core/Src/system_stm32f7xx.o
                0x00000000080089a4                AHBPrescTable
 .rodata.APBPrescTable
                0x00000000080089b4        0x8 ./Core/Src/system_stm32f7xx.o
                0x00000000080089b4                APBPrescTable
 .rodata.flagBitshiftOffset.0
                0x00000000080089bc        0x8 ./Drivers/STM32F7xx_HAL_Driver/Src/stm32f7xx_hal_dma.o
 .rodata.SD_Driver
                0x00000000080089c4       0x14 ./FATFS/Target/sd_diskio.o
                0x00000000080089c4                SD_Driver
 .rodata.ExCvt  0x00000000080089d8       0x80 ./Middlewares/Third_Party/FatFs/src/ff.o
                0x0000000008008a58                . = ALIGN (0x4)

.ARM.extab      0x0000000008008a58        0x0
                0x0000000008008a58                . = ALIGN (0x4)
 *(.ARM.extab* .gnu.linkonce.armextab.*)
                0x0000000008008a58                . = ALIGN (0x4)

.ARM            0x0000000008008a58        0x8
                0x0000000008008a58                . = ALIGN (0x4)
                0x0000000008008a58                __exidx_start = .
 *(.ARM.exidx*)
 .ARM.exidx     0x0000000008008a58        0x8 C:/ST/STM32CubeIDE_1.13.2/STM32CubeIDE/plugins/com.st.stm32cube.ide.mcu.externaltools.gnu-tools-for-stm32.11.3.rel1.win32_1.1.1.202309131626/tools/bin/../lib/gcc/arm-none-eabi/11.3.1/thumb/v7e-m+fp/hard\libgcc.a(_udivmoddi4.o)
                0x0000000008008a60                __exidx_end = .
                0x0000000008008a60                . = ALIGN (0x4)

.rel.dyn        0x0000000008008a60        0x0
 .rel.iplt      0x0000000008008a60        0x0 C:/ST/STM32CubeIDE_1.13.2/STM32CubeIDE/plugins/com.st.stm32cube.ide.mcu.externaltools.gnu-tools-for-stm32.11.3.rel1.win32_1.1.1.202309131626/tools/bin/../lib/gcc/arm-none-eabi/11.3.1/thumb/v7e-m+fp/hard/crtbegin.o

.preinit_array  0x0000000008008a60        0x0
                0x0000000008008a60                . = ALIGN (0x4)
                0x0000000008008a60                PROVIDE (__preinit_array_start = .)
 *(.preinit_array*)
                0x0000000008008a60                PROVIDE (__preinit_array_end = .)
                0x0000000008008a60                . = ALIGN (0x4)

.init_array     0x0000000008008a60        0x4
                0x0000000008008a60                . = ALIGN (0x4)
                0x0000000008008a60                PROVIDE (__init_array_start = .)
 *(SORT_BY_NAME(.init_array.*))
 *(.init_array*)
 .init_array    0x0000000008008a60        0x4 C:/ST/STM32CubeIDE_1.13.2/STM32CubeIDE/plugins/com.st.stm32cube.ide.mcu.externaltools.gnu-tools-for-stm32.11.3.rel1.win32_1.1.1.202309131626/tools/bin/../lib/gcc/arm-none-eabi/11.3.1/thumb/v7e-m+fp/hard/crtbegin.o
                0x0000000008008a64                PROVIDE (__init_array_end = .)
                0x0000000008008a64                . = ALIGN (0x4)

.fini_array     0x0000000008008a64        0x4
                0x0000000008008a64                . = ALIGN (0x4)
                [!provide]                        PROVIDE (__fini_array_start = .)
 *(SORT_BY_NAME(.fini_array.*))
 *(.fini_array*)
 .fini_array    0x0000000008008a64        0x4 C:/ST/STM32CubeIDE_1.13.2/STM32CubeIDE/plugins/com.st.stm32cube.ide.mcu.externaltools.gnu-tools-for-stm32.11.3.rel1.win32_1.1.1.202309131626/tools/bin/../lib/gcc/arm-none-eabi/11.3.1/thumb/v7e-m+fp/hard/crtbegin.o
                [!provide]                        PROVIDE (__fini_array_end = .)
                0x0000000008008a68                . = ALIGN (0x4)
                0x0000000008008a68                _sidata = LOADADDR (.data)

.data           0x0000000020000000        0xc load address 0x0000000008008a68
                0x0000000020000000                . = ALIGN (0x4)
                0x0000000020000000                _sdata = .
 *(.data)
 *(.data*)
 .data.SystemCoreClock
                0x0000000020000000        0x4 ./Core/Src/system_stm32f7xx.o
                0x0000000020000000                SystemCoreClock
 .data.uwTickPrio
                0x0000000020000004        0x4 ./Drivers/STM32F7xx_HAL_Driver/Src/stm32f7xx_hal.o
                0x0000000020000004                uwTickPrio
 .data.uwTickFreq
                0x0000000020000008        0x1 ./Drivers/STM32F7xx_HAL_Driver/Src/stm32f7xx_hal.o
                0x0000000020000008                uwTickFreq
 .data.Stat     0x0000000020000009        0x1 ./FATFS/Target/sd_diskio.o
 *(.RamFunc)
 *(.RamFunc*)
                0x000000002000000c                . = ALIGN (0x4)
 *fill*         0x000000002000000a        0x2 
                0x000000002000000c                _edata = .

.igot.plt       0x000000002000000c        0x0 load address 0x0000000008008a74
 .igot.plt      0x000000002000000c        0x0 C:/ST/STM32CubeIDE_1.13.2/STM32CubeIDE/plugins/com.st.stm32cube.ide.mcu.externaltools.gnu-tools-for-stm32.11.3.rel1.win32_1.1.1.202309131626/tools/bin/../lib/gcc/arm-none-eabi/11.3.1/thumb/v7e-m+fp/hard/crtbegin.o
                0x000000002000000c                . = ALIGN (0x4)

.bss            0x000000002000000c     0x16e4 load address 0x0000000008008a74
                0x000000002000000c                _sbss = .
                0x000000002000000c                __bss_start__ = _sbss
 *(.bss)
 .bss           0x000000002000000c       0x1c C:/ST/STM32CubeIDE_1.13.2/STM32CubeIDE/plugins/com.st.stm32cube.ide.mcu.externaltools.gnu-tools-for-stm32.11.3.rel1.win32_1.1.1.202309131626/tools/bin/../lib/gcc/arm-none-eabi/11.3.1/thumb/v7e-m+fp/hard/crtbegin.o
 *(.bss*)
 .bss.hsd1      0x0000000020000028       0x84 ./Core/Src/main.o
                0x0000000020000028                hsd1
 .bss.hdma_sdmmc1_rx
                0x00000000200000ac       0x60 ./Core/Src/main.o
                0x00000000200000ac                hdma_sdmmc1_rx
 .bss.hdma_sdmmc1_tx
                0x000000002000010c       0x60 ./Core/Src/main.o
                0x000000002000010c                hdma_sdmmc1_tx
 .bss.huart1    0x000000002000016c       0x88 ./Core/Src/main.o
                0x000000002000016c                huart1
 .bss.n         0x00000000200001f4        0x1 ./Core/Src/main.o
                0x00000000200001f4                n
 *fill*         0x00000000200001f5        0x3 
 .bss.ftext     0x00000000200001f8     0x1000 ./Core/Src/main.o
                0x00000000200001f8                ftext
 .bss.i         0x00000000200011f8        0x4 ./Core/Src/main.o
                0x00000000200011f8                i
 .bss.htim6     0x00000000200011fc       0x4c ./Core/Src/stm32f7xx_hal_timebase_tim.o
                0x00000000200011fc                htim6
 .bss.uwTick    0x0000000020001248        0x4 ./Drivers/STM32F7xx_HAL_Driver/Src/stm32f7xx_hal.o
                0x0000000020001248                uwTick
 .bss.retSD     0x000000002000124c        0x1 ./FATFS/App/fatfs.o
                0x000000002000124c                retSD
 *fill*         0x000000002000124d        0x3 
 .bss.SDPath    0x0000000020001250        0x4 ./FATFS/App/fatfs.o
                0x0000000020001250                SDPath
 .bss.SDFatFS   0x0000000020001254      0x230 ./FATFS/App/fatfs.o
                0x0000000020001254                SDFatFS
 .bss.SDFile    0x0000000020001484      0x230 ./FATFS/App/fatfs.o
                0x0000000020001484                SDFile
 .bss.WriteStatus
                0x00000000200016b4        0x4 ./FATFS/Target/sd_diskio.o
 .bss.ReadStatus
                0x00000000200016b8        0x4 ./FATFS/Target/sd_diskio.o
 .bss.FatFs     0x00000000200016bc        0x4 ./Middlewares/Third_Party/FatFs/src/ff.o
 .bss.Fsid      0x00000000200016c0        0x2 ./Middlewares/Third_Party/FatFs/src/ff.o
 *fill*         0x00000000200016c2        0x2 
 .bss.Files     0x00000000200016c4       0x20 ./Middlewares/Third_Party/FatFs/src/ff.o
 .bss.disk      0x00000000200016e4        0xc ./Middlewares/Third_Party/FatFs/src/ff_gen_drv.o
                0x00000000200016e4                disk
 *(COMMON)
                0x00000000200016f0                . = ALIGN (0x4)
                0x00000000200016f0                _ebss = .
                0x00000000200016f0                __bss_end__ = _ebss

._user_heap_stack
                0x00000000200016f0      0xc00 load address 0x0000000008008a74
                0x00000000200016f0                . = ALIGN (0x8)
                [!provide]                        PROVIDE (end = .)
                0x00000000200016f0                PROVIDE (_end = .)
                0x0000000020001af0                . = (. + _Min_Heap_Size)
 *fill*         0x00000000200016f0      0x400 
                0x00000000200022f0                . = (. + _Min_Stack_Size)
 *fill*         0x0000000020001af0      0x800 
                0x00000000200022f0                . = ALIGN (0x8)

/DISCARD/
 libc.a(*)
 libm.a(*)
 libgcc.a(*)

.ARM.attributes
                0x0000000000000000       0x30
 *(.ARM.attributes)
 .ARM.attributes
                0x0000000000000000       0x1e C:/ST/STM32CubeIDE_1.13.2/STM32CubeIDE/plugins/com.st.stm32cube.ide.mcu.externaltools.gnu-tools-for-stm32.11.3.rel1.win32_1.1.1.202309131626/tools/bin/../lib/gcc/arm-none-eabi/11.3.1/thumb/v7e-m+fp/hard/crti.o
 .ARM.attributes
                0x000000000000001e       0x34 C:/ST/STM32CubeIDE_1.13.2/STM32CubeIDE/plugins/com.st.stm32cube.ide.mcu.externaltools.gnu-tools-for-stm32.11.3.rel1.win32_1.1.1.202309131626/tools/bin/../lib/gcc/arm-none-eabi/11.3.1/thumb/v7e-m+fp/hard/crtbegin.o
 .ARM.attributes
                0x0000000000000052       0x34 ./Core/Src/main.o
 .ARM.attributes
                0x0000000000000086       0x34 ./Core/Src/stm32f7xx_hal_msp.o
 .ARM.attributes
                0x00000000000000ba       0x34 ./Core/Src/stm32f7xx_hal_timebase_tim.o
 .ARM.attributes
                0x00000000000000ee       0x34 ./Core/Src/stm32f7xx_it.o
 .ARM.attributes
                0x0000000000000122       0x34 ./Core/Src/system_stm32f7xx.o
 .ARM.attributes
                0x0000000000000156       0x21 ./Core/Startup/startup_stm32f746nghx.o
 .ARM.attributes
                0x0000000000000177       0x34 ./Drivers/STM32F7xx_HAL_Driver/Src/stm32f7xx_hal.o
 .ARM.attributes
                0x00000000000001ab       0x34 ./Drivers/STM32F7xx_HAL_Driver/Src/stm32f7xx_hal_cortex.o
 .ARM.attributes
                0x00000000000001df       0x34 ./Drivers/STM32F7xx_HAL_Driver/Src/stm32f7xx_hal_dma.o
 .ARM.attributes
                0x0000000000000213       0x34 ./Drivers/STM32F7xx_HAL_Driver/Src/stm32f7xx_hal_gpio.o
 .ARM.attributes
                0x0000000000000247       0x34 ./Drivers/STM32F7xx_HAL_Driver/Src/stm32f7xx_hal_rcc.o
 .ARM.attributes
                0x000000000000027b       0x34 ./Drivers/STM32F7xx_HAL_Driver/Src/stm32f7xx_hal_rcc_ex.o
 .ARM.attributes
                0x00000000000002af       0x34 ./Drivers/STM32F7xx_HAL_Driver/Src/stm32f7xx_hal_sd.o
 .ARM.attributes
                0x00000000000002e3       0x34 ./Drivers/STM32F7xx_HAL_Driver/Src/stm32f7xx_hal_tim.o
 .ARM.attributes
                0x0000000000000317       0x34 ./Drivers/STM32F7xx_HAL_Driver/Src/stm32f7xx_hal_tim_ex.o
 .ARM.attributes
                0x000000000000034b       0x34 ./Drivers/STM32F7xx_HAL_Driver/Src/stm32f7xx_hal_uart.o
 .ARM.attributes
                0x000000000000037f       0x34 ./Drivers/STM32F7xx_HAL_Driver/Src/stm32f7xx_ll_sdmmc.o
 .ARM.attributes
                0x00000000000003b3       0x34 ./FATFS/App/fatfs.o
 .ARM.attributes
                0x00000000000003e7       0x34 ./FATFS/Target/bsp_driver_sd.o
 .ARM.attributes
                0x000000000000041b       0x34 ./FATFS/Target/fatfs_platform.o
 .ARM.attributes
                0x000000000000044f       0x34 ./FATFS/Target/sd_diskio.o
 .ARM.attributes
                0x0000000000000483       0x34 ./Middlewares/Third_Party/FatFs/src/diskio.o
 .ARM.attributes
                0x00000000000004b7       0x34 ./Middlewares/Third_Party/FatFs/src/ff.o
 .ARM.attributes
                0x00000000000004eb       0x34 ./Middlewares/Third_Party/FatFs/src/ff_gen_drv.o
 .ARM.attributes
                0x000000000000051f       0x34 C:/ST/STM32CubeIDE_1.13.2/STM32CubeIDE/plugins/com.st.stm32cube.ide.mcu.externaltools.gnu-tools-for-stm32.11.3.rel1.win32_1.1.1.202309131626/tools/bin/../lib/gcc/arm-none-eabi/11.3.1/../../../../arm-none-eabi/lib/thumb/v7e-m+fp/hard\libc_nano.a(libc_a-memset.o)
 .ARM.attributes
                0x0000000000000553       0x34 C:/ST/STM32CubeIDE_1.13.2/STM32CubeIDE/plugins/com.st.stm32cube.ide.mcu.externaltools.gnu-tools-for-stm32.11.3.rel1.win32_1.1.1.202309131626/tools/bin/../lib/gcc/arm-none-eabi/11.3.1/../../../../arm-none-eabi/lib/thumb/v7e-m+fp/hard\libc_nano.a(libc_a-init.o)
 .ARM.attributes
                0x0000000000000587       0x1e C:/ST/STM32CubeIDE_1.13.2/STM32CubeIDE/plugins/com.st.stm32cube.ide.mcu.externaltools.gnu-tools-for-stm32.11.3.rel1.win32_1.1.1.202309131626/tools/bin/../lib/gcc/arm-none-eabi/11.3.1/thumb/v7e-m+fp/hard\libgcc.a(_aeabi_uldivmod.o)
 .ARM.attributes
                0x00000000000005a5       0x34 C:/ST/STM32CubeIDE_1.13.2/STM32CubeIDE/plugins/com.st.stm32cube.ide.mcu.externaltools.gnu-tools-for-stm32.11.3.rel1.win32_1.1.1.202309131626/tools/bin/../lib/gcc/arm-none-eabi/11.3.1/thumb/v7e-m+fp/hard\libgcc.a(_udivmoddi4.o)
 .ARM.attributes
                0x00000000000005d9       0x1e C:/ST/STM32CubeIDE_1.13.2/STM32CubeIDE/plugins/com.st.stm32cube.ide.mcu.externaltools.gnu-tools-for-stm32.11.3.rel1.win32_1.1.1.202309131626/tools/bin/../lib/gcc/arm-none-eabi/11.3.1/thumb/v7e-m+fp/hard\libgcc.a(_dvmd_tls.o)
 .ARM.attributes
                0x00000000000005f7       0x1e C:/ST/STM32CubeIDE_1.13.2/STM32CubeIDE/plugins/com.st.stm32cube.ide.mcu.externaltools.gnu-tools-for-stm32.11.3.rel1.win32_1.1.1.202309131626/tools/bin/../lib/gcc/arm-none-eabi/11.3.1/thumb/v7e-m+fp/hard/crtn.o
OUTPUT(SD_CARD.elf elf32-littlearm)
LOAD linker stubs
LOAD C:/ST/STM32CubeIDE_1.13.2/STM32CubeIDE/plugins/com.st.stm32cube.ide.mcu.externaltools.gnu-tools-for-stm32.11.3.rel1.win32_1.1.1.202309131626/tools/bin/../lib/gcc/arm-none-eabi/11.3.1/../../../../arm-none-eabi/lib/thumb/v7e-m+fp/hard\libc.a
LOAD C:/ST/STM32CubeIDE_1.13.2/STM32CubeIDE/plugins/com.st.stm32cube.ide.mcu.externaltools.gnu-tools-for-stm32.11.3.rel1.win32_1.1.1.202309131626/tools/bin/../lib/gcc/arm-none-eabi/11.3.1/../../../../arm-none-eabi/lib/thumb/v7e-m+fp/hard\libm.a
LOAD C:/ST/STM32CubeIDE_1.13.2/STM32CubeIDE/plugins/com.st.stm32cube.ide.mcu.externaltools.gnu-tools-for-stm32.11.3.rel1.win32_1.1.1.202309131626/tools/bin/../lib/gcc/arm-none-eabi/11.3.1/thumb/v7e-m+fp/hard\libgcc.a

.comment        0x0000000000000000       0x43
 .comment       0x0000000000000000       0x43 C:/ST/STM32CubeIDE_1.13.2/STM32CubeIDE/plugins/com.st.stm32cube.ide.mcu.externaltools.gnu-tools-for-stm32.11.3.rel1.win32_1.1.1.202309131626/tools/bin/../lib/gcc/arm-none-eabi/11.3.1/thumb/v7e-m+fp/hard/crtbegin.o
                                         0x44 (size before relaxing)
 .comment       0x0000000000000043       0x44 ./Core/Src/main.o
 .comment       0x0000000000000043       0x44 ./Core/Src/stm32f7xx_hal_msp.o
 .comment       0x0000000000000043       0x44 ./Core/Src/stm32f7xx_hal_timebase_tim.o
 .comment       0x0000000000000043       0x44 ./Core/Src/stm32f7xx_it.o
 .comment       0x0000000000000043       0x44 ./Core/Src/system_stm32f7xx.o
 .comment       0x0000000000000043       0x44 ./Drivers/STM32F7xx_HAL_Driver/Src/stm32f7xx_hal.o
 .comment       0x0000000000000043       0x44 ./Drivers/STM32F7xx_HAL_Driver/Src/stm32f7xx_hal_cortex.o
 .comment       0x0000000000000043       0x44 ./Drivers/STM32F7xx_HAL_Driver/Src/stm32f7xx_hal_dma.o
 .comment       0x0000000000000043       0x44 ./Drivers/STM32F7xx_HAL_Driver/Src/stm32f7xx_hal_gpio.o
 .comment       0x0000000000000043       0x44 ./Drivers/STM32F7xx_HAL_Driver/Src/stm32f7xx_hal_rcc.o
 .comment       0x0000000000000043       0x44 ./Drivers/STM32F7xx_HAL_Driver/Src/stm32f7xx_hal_rcc_ex.o
 .comment       0x0000000000000043       0x44 ./Drivers/STM32F7xx_HAL_Driver/Src/stm32f7xx_hal_sd.o
 .comment       0x0000000000000043       0x44 ./Drivers/STM32F7xx_HAL_Driver/Src/stm32f7xx_hal_tim.o
 .comment       0x0000000000000043       0x44 ./Drivers/STM32F7xx_HAL_Driver/Src/stm32f7xx_hal_tim_ex.o
 .comment       0x0000000000000043       0x44 ./Drivers/STM32F7xx_HAL_Driver/Src/stm32f7xx_hal_uart.o
 .comment       0x0000000000000043       0x44 ./Drivers/STM32F7xx_HAL_Driver/Src/stm32f7xx_ll_sdmmc.o
 .comment       0x0000000000000043       0x44 ./FATFS/App/fatfs.o
 .comment       0x0000000000000043       0x44 ./FATFS/Target/bsp_driver_sd.o
 .comment       0x0000000000000043       0x44 ./FATFS/Target/fatfs_platform.o
 .comment       0x0000000000000043       0x44 ./FATFS/Target/sd_diskio.o
 .comment       0x0000000000000043       0x44 ./Middlewares/Third_Party/FatFs/src/diskio.o
 .comment       0x0000000000000043       0x44 ./Middlewares/Third_Party/FatFs/src/ff.o
 .comment       0x0000000000000043       0x44 ./Middlewares/Third_Party/FatFs/src/ff_gen_drv.o

.debug_info     0x0000000000000000    0x16f05
 .debug_info    0x0000000000000000     0x1cff ./Core/Src/main.o
 .debug_info    0x0000000000001cff     0x1384 ./Core/Src/stm32f7xx_hal_msp.o
 .debug_info    0x0000000000003083      0xcc3 ./Core/Src/stm32f7xx_hal_timebase_tim.o
 .debug_info    0x0000000000003d46      0xb1d ./Core/Src/stm32f7xx_it.o
 .debug_info    0x0000000000004863      0x6ed ./Core/Src/system_stm32f7xx.o
 .debug_info    0x0000000000004f50       0x23 ./Core/Startup/startup_stm32f746nghx.o
 .debug_info    0x0000000000004f73      0x9d8 ./Drivers/STM32F7xx_HAL_Driver/Src/stm32f7xx_hal.o
 .debug_info    0x000000000000594b      0xf49 ./Drivers/STM32F7xx_HAL_Driver/Src/stm32f7xx_hal_cortex.o
 .debug_info    0x0000000000006894      0x8e7 ./Drivers/STM32F7xx_HAL_Driver/Src/stm32f7xx_hal_dma.o
 .debug_info    0x000000000000717b      0x6e7 ./Drivers/STM32F7xx_HAL_Driver/Src/stm32f7xx_hal_gpio.o
 .debug_info    0x0000000000007862      0x8dc ./Drivers/STM32F7xx_HAL_Driver/Src/stm32f7xx_hal_rcc.o
 .debug_info    0x000000000000813e      0x6bd ./Drivers/STM32F7xx_HAL_Driver/Src/stm32f7xx_hal_rcc_ex.o
 .debug_info    0x00000000000087fb     0x1bd8 ./Drivers/STM32F7xx_HAL_Driver/Src/stm32f7xx_hal_sd.o
 .debug_info    0x000000000000a3d3     0x2a9a ./Drivers/STM32F7xx_HAL_Driver/Src/stm32f7xx_hal_tim.o
 .debug_info    0x000000000000ce6d     0x15bb ./Drivers/STM32F7xx_HAL_Driver/Src/stm32f7xx_hal_tim_ex.o
 .debug_info    0x000000000000e428     0x3a47 ./Drivers/STM32F7xx_HAL_Driver/Src/stm32f7xx_hal_uart.o
 .debug_info    0x0000000000011e6f     0x10b0 ./Drivers/STM32F7xx_HAL_Driver/Src/stm32f7xx_ll_sdmmc.o
 .debug_info    0x0000000000012f1f      0x4d9 ./FATFS/App/fatfs.o
 .debug_info    0x00000000000133f8      0xa9d ./FATFS/Target/bsp_driver_sd.o
 .debug_info    0x0000000000013e95      0x1cc ./FATFS/Target/fatfs_platform.o
 .debug_info    0x0000000000014061      0x569 ./FATFS/Target/sd_diskio.o
 .debug_info    0x00000000000145ca      0x3df ./Middlewares/Third_Party/FatFs/src/diskio.o
 .debug_info    0x00000000000149a9     0x21dd ./Middlewares/Third_Party/FatFs/src/ff.o
 .debug_info    0x0000000000016b86      0x37f ./Middlewares/Third_Party/FatFs/src/ff_gen_drv.o

.debug_abbrev   0x0000000000000000     0x3157
 .debug_abbrev  0x0000000000000000      0x363 ./Core/Src/main.o
 .debug_abbrev  0x0000000000000363      0x25a ./Core/Src/stm32f7xx_hal_msp.o
 .debug_abbrev  0x00000000000005bd      0x1f4 ./Core/Src/stm32f7xx_hal_timebase_tim.o
 .debug_abbrev  0x00000000000007b1      0x19a ./Core/Src/stm32f7xx_it.o
 .debug_abbrev  0x000000000000094b      0x13b ./Core/Src/system_stm32f7xx.o
 .debug_abbrev  0x0000000000000a86       0x12 ./Core/Startup/startup_stm32f746nghx.o
 .debug_abbrev  0x0000000000000a98      0x213 ./Drivers/STM32F7xx_HAL_Driver/Src/stm32f7xx_hal.o
 .debug_abbrev  0x0000000000000cab      0x329 ./Drivers/STM32F7xx_HAL_Driver/Src/stm32f7xx_hal_cortex.o
 .debug_abbrev  0x0000000000000fd4      0x264 ./Drivers/STM32F7xx_HAL_Driver/Src/stm32f7xx_hal_dma.o
 .debug_abbrev  0x0000000000001238      0x1d4 ./Drivers/STM32F7xx_HAL_Driver/Src/stm32f7xx_hal_gpio.o
 .debug_abbrev  0x000000000000140c      0x288 ./Drivers/STM32F7xx_HAL_Driver/Src/stm32f7xx_hal_rcc.o
 .debug_abbrev  0x0000000000001694      0x1c9 ./Drivers/STM32F7xx_HAL_Driver/Src/stm32f7xx_hal_rcc_ex.o
 .debug_abbrev  0x000000000000185d      0x299 ./Drivers/STM32F7xx_HAL_Driver/Src/stm32f7xx_hal_sd.o
 .debug_abbrev  0x0000000000001af6      0x278 ./Drivers/STM32F7xx_HAL_Driver/Src/stm32f7xx_hal_tim.o
 .debug_abbrev  0x0000000000001d6e      0x283 ./Drivers/STM32F7xx_HAL_Driver/Src/stm32f7xx_hal_tim_ex.o
 .debug_abbrev  0x0000000000001ff1      0x2e6 ./Drivers/STM32F7xx_HAL_Driver/Src/stm32f7xx_hal_uart.o
 .debug_abbrev  0x00000000000022d7      0x1d8 ./Drivers/STM32F7xx_HAL_Driver/Src/stm32f7xx_ll_sdmmc.o
 .debug_abbrev  0x00000000000024af      0x160 ./FATFS/App/fatfs.o
 .debug_abbrev  0x000000000000260f      0x274 ./FATFS/Target/bsp_driver_sd.o
 .debug_abbrev  0x0000000000002883      0x107 ./FATFS/Target/fatfs_platform.o
 .debug_abbrev  0x000000000000298a      0x22b ./FATFS/Target/sd_diskio.o
 .debug_abbrev  0x0000000000002bb5      0x181 ./Middlewares/Third_Party/FatFs/src/diskio.o
 .debug_abbrev  0x0000000000002d36      0x282 ./Middlewares/Third_Party/FatFs/src/ff.o
 .debug_abbrev  0x0000000000002fb8      0x19f ./Middlewares/Third_Party/FatFs/src/ff_gen_drv.o

.debug_aranges  0x0000000000000000     0x13b0
 .debug_aranges
                0x0000000000000000       0x58 ./Core/Src/main.o
 .debug_aranges
                0x0000000000000058       0x40 ./Core/Src/stm32f7xx_hal_msp.o
 .debug_aranges
                0x0000000000000098       0x30 ./Core/Src/stm32f7xx_hal_timebase_tim.o
 .debug_aranges
                0x00000000000000c8       0x80 ./Core/Src/stm32f7xx_it.o
 .debug_aranges
                0x0000000000000148       0x28 ./Core/Src/system_stm32f7xx.o
 .debug_aranges
                0x0000000000000170       0x28 ./Core/Startup/startup_stm32f746nghx.o
 .debug_aranges
                0x0000000000000198      0x100 ./Drivers/STM32F7xx_HAL_Driver/Src/stm32f7xx_hal.o
 .debug_aranges
                0x0000000000000298      0x118 ./Drivers/STM32F7xx_HAL_Driver/Src/stm32f7xx_hal_cortex.o
 .debug_aranges
                0x00000000000003b0       0x90 ./Drivers/STM32F7xx_HAL_Driver/Src/stm32f7xx_hal_dma.o
 .debug_aranges
                0x0000000000000440       0x58 ./Drivers/STM32F7xx_HAL_Driver/Src/stm32f7xx_hal_gpio.o
 .debug_aranges
                0x0000000000000498       0x88 ./Drivers/STM32F7xx_HAL_Driver/Src/stm32f7xx_hal_rcc.o
 .debug_aranges
                0x0000000000000520       0x50 ./Drivers/STM32F7xx_HAL_Driver/Src/stm32f7xx_hal_rcc_ex.o
 .debug_aranges
                0x0000000000000570      0x168 ./Drivers/STM32F7xx_HAL_Driver/Src/stm32f7xx_hal_sd.o
 .debug_aranges
                0x00000000000006d8      0x3e0 ./Drivers/STM32F7xx_HAL_Driver/Src/stm32f7xx_hal_tim.o
 .debug_aranges
                0x0000000000000ab8      0x178 ./Drivers/STM32F7xx_HAL_Driver/Src/stm32f7xx_hal_tim_ex.o
 .debug_aranges
                0x0000000000000c30      0x228 ./Drivers/STM32F7xx_HAL_Driver/Src/stm32f7xx_hal_uart.o
 .debug_aranges
                0x0000000000000e58      0x188 ./Drivers/STM32F7xx_HAL_Driver/Src/stm32f7xx_ll_sdmmc.o
 .debug_aranges
                0x0000000000000fe0       0x28 ./FATFS/App/fatfs.o
 .debug_aranges
                0x0000000000001008       0x98 ./FATFS/Target/bsp_driver_sd.o
 .debug_aranges
                0x00000000000010a0       0x20 ./FATFS/Target/fatfs_platform.o
 .debug_aranges
                0x00000000000010c0       0x60 ./FATFS/Target/sd_diskio.o
 .debug_aranges
                0x0000000000001120       0x48 ./Middlewares/Third_Party/FatFs/src/diskio.o
 .debug_aranges
                0x0000000000001168      0x208 ./Middlewares/Third_Party/FatFs/src/ff.o
 .debug_aranges
                0x0000000000001370       0x40 ./Middlewares/Third_Party/FatFs/src/ff_gen_drv.o

.debug_rnglists
                0x0000000000000000      0xf4c
 .debug_rnglists
                0x0000000000000000       0x40 ./Core/Src/main.o
 .debug_rnglists
                0x0000000000000040       0x2d ./Core/Src/stm32f7xx_hal_msp.o
 .debug_rnglists
                0x000000000000006d       0x20 ./Core/Src/stm32f7xx_hal_timebase_tim.o
 .debug_rnglists
                0x000000000000008d       0x5b ./Core/Src/stm32f7xx_it.o
 .debug_rnglists
                0x00000000000000e8       0x1a ./Core/Src/system_stm32f7xx.o
 .debug_rnglists
                0x0000000000000102       0x19 ./Core/Startup/startup_stm32f746nghx.o
 .debug_rnglists
                0x000000000000011b       0xbb ./Drivers/STM32F7xx_HAL_Driver/Src/stm32f7xx_hal.o
 .debug_rnglists
                0x00000000000001d6       0xce ./Drivers/STM32F7xx_HAL_Driver/Src/stm32f7xx_hal_cortex.o
 .debug_rnglists
                0x00000000000002a4       0x70 ./Drivers/STM32F7xx_HAL_Driver/Src/stm32f7xx_hal_dma.o
 .debug_rnglists
                0x0000000000000314       0x3f ./Drivers/STM32F7xx_HAL_Driver/Src/stm32f7xx_hal_gpio.o
 .debug_rnglists
                0x0000000000000353       0x67 ./Drivers/STM32F7xx_HAL_Driver/Src/stm32f7xx_hal_rcc.o
 .debug_rnglists
                0x00000000000003ba       0x3c ./Drivers/STM32F7xx_HAL_Driver/Src/stm32f7xx_hal_rcc_ex.o
 .debug_rnglists
                0x00000000000003f6      0x121 ./Drivers/STM32F7xx_HAL_Driver/Src/stm32f7xx_hal_sd.o
 .debug_rnglists
                0x0000000000000517      0x328 ./Drivers/STM32F7xx_HAL_Driver/Src/stm32f7xx_hal_tim.o
 .debug_rnglists
                0x000000000000083f      0x131 ./Drivers/STM32F7xx_HAL_Driver/Src/stm32f7xx_hal_tim_ex.o
 .debug_rnglists
                0x0000000000000970      0x1d9 ./Drivers/STM32F7xx_HAL_Driver/Src/stm32f7xx_hal_uart.o
 .debug_rnglists
                0x0000000000000b49      0x125 ./Drivers/STM32F7xx_HAL_Driver/Src/stm32f7xx_ll_sdmmc.o
 .debug_rnglists
                0x0000000000000c6e       0x19 ./FATFS/App/fatfs.o
 .debug_rnglists
                0x0000000000000c87       0x6d ./FATFS/Target/bsp_driver_sd.o
 .debug_rnglists
                0x0000000000000cf4       0x13 ./FATFS/Target/fatfs_platform.o
 .debug_rnglists
                0x0000000000000d07       0x46 ./FATFS/Target/sd_diskio.o
 .debug_rnglists
                0x0000000000000d4d       0x31 ./Middlewares/Third_Party/FatFs/src/diskio.o
 .debug_rnglists
                0x0000000000000d7e      0x1a2 ./Middlewares/Third_Party/FatFs/src/ff.o
 .debug_rnglists
                0x0000000000000f20       0x2c ./Middlewares/Third_Party/FatFs/src/ff_gen_drv.o

.debug_macro    0x0000000000000000    0x2918d
 .debug_macro   0x0000000000000000      0x3b1 ./Core/Src/main.o
 .debug_macro   0x00000000000003b1      0xaa8 ./Core/Src/main.o
 .debug_macro   0x0000000000000e59      0x299 ./Core/Src/main.o
 .debug_macro   0x00000000000010f2       0x2e ./Core/Src/main.o
 .debug_macro   0x0000000000001120       0x3b ./Core/Src/main.o
 .debug_macro   0x000000000000115b       0x22 ./Core/Src/main.o
 .debug_macro   0x000000000000117d       0x8e ./Core/Src/main.o
 .debug_macro   0x000000000000120b       0x51 ./Core/Src/main.o
 .debug_macro   0x000000000000125c      0x103 ./Core/Src/main.o
 .debug_macro   0x000000000000135f       0x6a ./Core/Src/main.o
 .debug_macro   0x00000000000013c9      0x1df ./Core/Src/main.o
 .debug_macro   0x00000000000015a8       0x1c ./Core/Src/main.o
 .debug_macro   0x00000000000015c4       0x22 ./Core/Src/main.o
 .debug_macro   0x00000000000015e6       0xd9 ./Core/Src/main.o
 .debug_macro   0x00000000000016bf     0x12cd ./Core/Src/main.o
 .debug_macro   0x000000000000298c      0x11f ./Core/Src/main.o
 .debug_macro   0x0000000000002aab       0x19 ./Core/Src/main.o
 .debug_macro   0x0000000000002ac4    0x1920a ./Core/Src/main.o
 .debug_macro   0x000000000001bcce       0x6d ./Core/Src/main.o
 .debug_macro   0x000000000001bd3b     0x3749 ./Core/Src/main.o
 .debug_macro   0x000000000001f484      0x174 ./Core/Src/main.o
 .debug_macro   0x000000000001f5f8       0x63 ./Core/Src/main.o
 .debug_macro   0x000000000001f65b     0x18ad ./Core/Src/main.o
 .debug_macro   0x0000000000020f08      0x6c4 ./Core/Src/main.o
 .debug_macro   0x00000000000215cc      0x185 ./Core/Src/main.o
 .debug_macro   0x0000000000021751      0x115 ./Core/Src/main.o
 .debug_macro   0x0000000000021866      0x1fd ./Core/Src/main.o
 .debug_macro   0x0000000000021a63       0xa5 ./Core/Src/main.o
 .debug_macro   0x0000000000021b08      0x24f ./Core/Src/main.o
 .debug_macro   0x0000000000021d57       0x41 ./Core/Src/main.o
 .debug_macro   0x0000000000021d98       0x58 ./Core/Src/main.o
 .debug_macro   0x0000000000021df0      0x236 ./Core/Src/main.o
 .debug_macro   0x0000000000022026      0x14e ./Core/Src/main.o
 .debug_macro   0x0000000000022174      0x25a ./Core/Src/main.o
 .debug_macro   0x00000000000223ce       0x12 ./Core/Src/main.o
 .debug_macro   0x00000000000223e0      0x22c ./Core/Src/main.o
 .debug_macro   0x000000000002260c       0x61 ./Core/Src/main.o
 .debug_macro   0x000000000002266d       0xa5 ./Core/Src/main.o
 .debug_macro   0x0000000000022712      0x12e ./Core/Src/main.o
 .debug_macro   0x0000000000022840      0x108 ./Core/Src/main.o
 .debug_macro   0x0000000000022948       0x35 ./Core/Src/main.o
 .debug_macro   0x000000000002297d      0x773 ./Core/Src/main.o
 .debug_macro   0x00000000000230f0      0x1d5 ./Core/Src/main.o
 .debug_macro   0x00000000000232c5      0xa7c ./Core/Src/main.o
 .debug_macro   0x0000000000023d41       0x59 ./Core/Src/main.o
 .debug_macro   0x0000000000023d9a      0x56d ./Core/Src/main.o
 .debug_macro   0x0000000000024307       0x44 ./Core/Src/main.o
 .debug_macro   0x000000000002434b      0x14d ./Core/Src/main.o
 .debug_macro   0x0000000000024498      0x89c ./Core/Src/main.o
 .debug_macro   0x0000000000024d34       0x1c ./Core/Src/main.o
 .debug_macro   0x0000000000024d50       0x3a ./Core/Src/main.o
 .debug_macro   0x0000000000024d8a       0xe5 ./Core/Src/main.o
 .debug_macro   0x0000000000024e6f       0x2a ./Core/Src/main.o
 .debug_macro   0x0000000000024e99       0x61 ./Core/Src/main.o
 .debug_macro   0x0000000000024efa       0x43 ./Core/Src/main.o
 .debug_macro   0x0000000000024f3d       0x34 ./Core/Src/main.o
 .debug_macro   0x0000000000024f71       0x16 ./Core/Src/main.o
 .debug_macro   0x0000000000024f87       0x35 ./Core/Src/main.o
 .debug_macro   0x0000000000024fbc       0x16 ./Core/Src/main.o
 .debug_macro   0x0000000000024fd2       0x43 ./Core/Src/main.o
 .debug_macro   0x0000000000025015       0x34 ./Core/Src/main.o
 .debug_macro   0x0000000000025049       0x10 ./Core/Src/main.o
 .debug_macro   0x0000000000025059       0x58 ./Core/Src/main.o
 .debug_macro   0x00000000000250b1       0x8e ./Core/Src/main.o
 .debug_macro   0x000000000002513f       0x1c ./Core/Src/main.o
 .debug_macro   0x000000000002515b      0x177 ./Core/Src/main.o
 .debug_macro   0x00000000000252d2      0x369 ./Core/Src/main.o
 .debug_macro   0x000000000002563b       0x16 ./Core/Src/main.o
 .debug_macro   0x0000000000025651       0x29 ./Core/Src/main.o
 .debug_macro   0x000000000002567a       0x12 ./Core/Src/main.o
 .debug_macro   0x000000000002568c       0xe2 ./Core/Src/main.o
 .debug_macro   0x000000000002576e       0x8e ./Core/Src/main.o
 .debug_macro   0x00000000000257fc       0x16 ./Core/Src/main.o
 .debug_macro   0x0000000000025812       0x20 ./Core/Src/main.o
 .debug_macro   0x0000000000025832       0x1c ./Core/Src/main.o
 .debug_macro   0x000000000002584e       0x10 ./Core/Src/main.o
 .debug_macro   0x000000000002585e       0x1c ./Core/Src/main.o
 .debug_macro   0x000000000002587a       0x16 ./Core/Src/main.o
 .debug_macro   0x0000000000025890      0x147 ./Core/Src/main.o
 .debug_macro   0x00000000000259d7      0x20a ./Core/Src/stm32f7xx_hal_msp.o
 .debug_macro   0x0000000000025be1      0x1fb ./Core/Src/stm32f7xx_hal_timebase_tim.o
 .debug_macro   0x0000000000025ddc      0x214 ./Core/Src/stm32f7xx_it.o
 .debug_macro   0x0000000000025ff0      0x1fb ./Core/Src/system_stm32f7xx.o
 .debug_macro   0x00000000000261eb      0x21f ./Drivers/STM32F7xx_HAL_Driver/Src/stm32f7xx_hal.o
 .debug_macro   0x000000000002640a      0x1fb ./Drivers/STM32F7xx_HAL_Driver/Src/stm32f7xx_hal_cortex.o
 .debug_macro   0x0000000000026605      0x201 ./Drivers/STM32F7xx_HAL_Driver/Src/stm32f7xx_hal_dma.o
 .debug_macro   0x0000000000026806      0x201 ./Drivers/STM32F7xx_HAL_Driver/Src/stm32f7xx_hal_gpio.o
 .debug_macro   0x0000000000026a07      0x21f ./Drivers/STM32F7xx_HAL_Driver/Src/stm32f7xx_hal_rcc.o
 .debug_macro   0x0000000000026c26      0x1fb ./Drivers/STM32F7xx_HAL_Driver/Src/stm32f7xx_hal_rcc_ex.o
 .debug_macro   0x0000000000026e21      0x1fc ./Drivers/STM32F7xx_HAL_Driver/Src/stm32f7xx_hal_sd.o
 .debug_macro   0x000000000002701d      0x1fc ./Drivers/STM32F7xx_HAL_Driver/Src/stm32f7xx_hal_tim.o
 .debug_macro   0x0000000000027219      0x1fb ./Drivers/STM32F7xx_HAL_Driver/Src/stm32f7xx_hal_tim_ex.o
 .debug_macro   0x0000000000027414      0x218 ./Drivers/STM32F7xx_HAL_Driver/Src/stm32f7xx_hal_uart.o
 .debug_macro   0x000000000002762c      0x1fc ./Drivers/STM32F7xx_HAL_Driver/Src/stm32f7xx_ll_sdmmc.o
 .debug_macro   0x0000000000027828      0x347 ./FATFS/App/fatfs.o
 .debug_macro   0x0000000000027b6f      0x213 ./FATFS/Target/bsp_driver_sd.o
 .debug_macro   0x0000000000027d82      0x204 ./FATFS/Target/fatfs_platform.o
 .debug_macro   0x0000000000027f86      0x37a ./FATFS/Target/sd_diskio.o
 .debug_macro   0x0000000000028300       0x16 ./FATFS/Target/sd_diskio.o
 .debug_macro   0x0000000000028316       0x7c ./FATFS/Target/sd_diskio.o
 .debug_macro   0x0000000000028392      0x334 ./Middlewares/Third_Party/FatFs/src/diskio.o
 .debug_macro   0x00000000000286c6      0x73b ./Middlewares/Third_Party/FatFs/src/ff.o
 .debug_macro   0x0000000000028e01       0x58 ./Middlewares/Third_Party/FatFs/src/ff.o
 .debug_macro   0x0000000000028e59      0x334 ./Middlewares/Third_Party/FatFs/src/ff_gen_drv.o

.debug_line     0x0000000000000000    0x1abdf
 .debug_line    0x0000000000000000      0xec8 ./Core/Src/main.o
 .debug_line    0x0000000000000ec8      0x8e9 ./Core/Src/stm32f7xx_hal_msp.o
 .debug_line    0x00000000000017b1      0x81b ./Core/Src/stm32f7xx_hal_timebase_tim.o
 .debug_line    0x0000000000001fcc      0x8bd ./Core/Src/stm32f7xx_it.o
 .debug_line    0x0000000000002889      0x81f ./Core/Src/system_stm32f7xx.o
 .debug_line    0x00000000000030a8       0x7a ./Core/Startup/startup_stm32f746nghx.o
 .debug_line    0x0000000000003122      0xab0 ./Drivers/STM32F7xx_HAL_Driver/Src/stm32f7xx_hal.o
 .debug_line    0x0000000000003bd2      0xd36 ./Drivers/STM32F7xx_HAL_Driver/Src/stm32f7xx_hal_cortex.o
 .debug_line    0x0000000000004908      0xfff ./Drivers/STM32F7xx_HAL_Driver/Src/stm32f7xx_hal_dma.o
 .debug_line    0x0000000000005907      0xc24 ./Drivers/STM32F7xx_HAL_Driver/Src/stm32f7xx_hal_gpio.o
 .debug_line    0x000000000000652b      0xeee ./Drivers/STM32F7xx_HAL_Driver/Src/stm32f7xx_hal_rcc.o
 .debug_line    0x0000000000007419      0xea4 ./Drivers/STM32F7xx_HAL_Driver/Src/stm32f7xx_hal_rcc_ex.o
 .debug_line    0x00000000000082bd     0x1ea4 ./Drivers/STM32F7xx_HAL_Driver/Src/stm32f7xx_hal_sd.o
 .debug_line    0x000000000000a161     0x3d35 ./Drivers/STM32F7xx_HAL_Driver/Src/stm32f7xx_hal_tim.o
 .debug_line    0x000000000000de96     0x1bb5 ./Drivers/STM32F7xx_HAL_Driver/Src/stm32f7xx_hal_tim_ex.o
 .debug_line    0x000000000000fa4b     0x3161 ./Drivers/STM32F7xx_HAL_Driver/Src/stm32f7xx_hal_uart.o
 .debug_line    0x0000000000012bac     0x101c ./Drivers/STM32F7xx_HAL_Driver/Src/stm32f7xx_ll_sdmmc.o
 .debug_line    0x0000000000013bc8      0x9b3 ./FATFS/App/fatfs.o
 .debug_line    0x000000000001457b      0x96e ./FATFS/Target/bsp_driver_sd.o
 .debug_line    0x0000000000014ee9      0x7b5 ./FATFS/Target/fatfs_platform.o
 .debug_line    0x000000000001569e      0xbc4 ./FATFS/Target/sd_diskio.o
 .debug_line    0x0000000000016262      0xa24 ./Middlewares/Third_Party/FatFs/src/diskio.o
 .debug_line    0x0000000000016c86     0x3517 ./Middlewares/Third_Party/FatFs/src/ff.o
 .debug_line    0x000000000001a19d      0xa42 ./Middlewares/Third_Party/FatFs/src/ff_gen_drv.o

.debug_str      0x0000000000000000    0xf85c1
 .debug_str     0x0000000000000000    0xf3498 ./Core/Src/main.o
                                      0xf3cef (size before relaxing)
 .debug_str     0x00000000000f3498      0x315 ./Core/Src/stm32f7xx_hal_msp.o
                                      0xef82a (size before relaxing)
 .debug_str     0x00000000000f37ad      0x107 ./Core/Src/stm32f7xx_hal_timebase_tim.o
                                      0xed4d7 (size before relaxing)
 .debug_str     0x00000000000f38b4      0x139 ./Core/Src/stm32f7xx_it.o
                                      0xeefaf (size before relaxing)
 .debug_str     0x00000000000f39ed      0x1a4 ./Core/Src/system_stm32f7xx.o
                                      0xec9b2 (size before relaxing)
 .debug_str     0x00000000000f3b91       0x34 ./Core/Startup/startup_stm32f746nghx.o
                                         0x4f (size before relaxing)
 .debug_str     0x00000000000f3bc5      0x3d2 ./Drivers/STM32F7xx_HAL_Driver/Src/stm32f7xx_hal.o
                                      0xed31b (size before relaxing)
 .debug_str     0x00000000000f3f97      0x323 ./Drivers/STM32F7xx_HAL_Driver/Src/stm32f7xx_hal_cortex.o
                                      0xed306 (size before relaxing)
 .debug_str     0x00000000000f42ba      0x2ff ./Drivers/STM32F7xx_HAL_Driver/Src/stm32f7xx_hal_dma.o
                                      0xeccf1 (size before relaxing)
 .debug_str     0x00000000000f45b9      0x105 ./Drivers/STM32F7xx_HAL_Driver/Src/stm32f7xx_hal_gpio.o
                                      0xeca70 (size before relaxing)
 .debug_str     0x00000000000f46be      0x21c ./Drivers/STM32F7xx_HAL_Driver/Src/stm32f7xx_hal_rcc.o
                                      0xecd14 (size before relaxing)
 .debug_str     0x00000000000f48da      0x14f ./Drivers/STM32F7xx_HAL_Driver/Src/stm32f7xx_hal_rcc_ex.o
                                      0xecc4c (size before relaxing)
 .debug_str     0x00000000000f4a29      0x911 ./Drivers/STM32F7xx_HAL_Driver/Src/stm32f7xx_hal_sd.o
                                      0xed641 (size before relaxing)
 .debug_str     0x00000000000f533a      0xe73 ./Drivers/STM32F7xx_HAL_Driver/Src/stm32f7xx_hal_tim.o
                                      0xedcc5 (size before relaxing)
 .debug_str     0x00000000000f61ad      0x561 ./Drivers/STM32F7xx_HAL_Driver/Src/stm32f7xx_hal_tim_ex.o
                                      0xed51b (size before relaxing)
 .debug_str     0x00000000000f670e      0x853 ./Drivers/STM32F7xx_HAL_Driver/Src/stm32f7xx_hal_uart.o
                                      0xed661 (size before relaxing)
 .debug_str     0x00000000000f6f61      0x22f ./Drivers/STM32F7xx_HAL_Driver/Src/stm32f7xx_ll_sdmmc.o
                                      0xecd66 (size before relaxing)
 .debug_str     0x00000000000f7190       0xd1 ./FATFS/App/fatfs.o
                                      0xf2191 (size before relaxing)
 .debug_str     0x00000000000f7261      0x16b ./FATFS/Target/bsp_driver_sd.o
                                      0xecfa8 (size before relaxing)
 .debug_str     0x00000000000f73cc       0x21 ./FATFS/Target/fatfs_platform.o
                                      0xec823 (size before relaxing)
 .debug_str     0x00000000000f73ed       0xcf ./FATFS/Target/sd_diskio.o
                                      0xf22ce (size before relaxing)
 .debug_str     0x00000000000f74bc       0x57 ./Middlewares/Third_Party/FatFs/src/diskio.o
                                      0xf20ac (size before relaxing)
 .debug_str     0x00000000000f7513     0x101d ./Middlewares/Third_Party/FatFs/src/ff.o
                                      0xf330f (size before relaxing)
 .debug_str     0x00000000000f8530       0x91 ./Middlewares/Third_Party/FatFs/src/ff_gen_drv.o
                                      0xf20fd (size before relaxing)

.debug_frame    0x0000000000000000     0x5280
 .debug_frame   0x0000000000000000      0x11c ./Core/Src/main.o
 .debug_frame   0x000000000000011c       0xd0 ./Core/Src/stm32f7xx_hal_msp.o
 .debug_frame   0x00000000000001ec       0x74 ./Core/Src/stm32f7xx_hal_timebase_tim.o
 .debug_frame   0x0000000000000260      0x178 ./Core/Src/stm32f7xx_it.o
 .debug_frame   0x00000000000003d8       0x58 ./Core/Src/system_stm32f7xx.o
 .debug_frame   0x0000000000000430      0x3b4 ./Drivers/STM32F7xx_HAL_Driver/Src/stm32f7xx_hal.o
 .debug_frame   0x00000000000007e4      0x498 ./Drivers/STM32F7xx_HAL_Driver/Src/stm32f7xx_hal_cortex.o
 .debug_frame   0x0000000000000c7c      0x250 ./Drivers/STM32F7xx_HAL_Driver/Src/stm32f7xx_hal_dma.o
 .debug_frame   0x0000000000000ecc      0x14c ./Drivers/STM32F7xx_HAL_Driver/Src/stm32f7xx_hal_gpio.o
 .debug_frame   0x0000000000001018      0x1f8 ./Drivers/STM32F7xx_HAL_Driver/Src/stm32f7xx_hal_rcc.o
 .debug_frame   0x0000000000001210      0x118 ./Drivers/STM32F7xx_HAL_Driver/Src/stm32f7xx_hal_rcc_ex.o
 .debug_frame   0x0000000000001328      0x650 ./Drivers/STM32F7xx_HAL_Driver/Src/stm32f7xx_hal_sd.o
 .debug_frame   0x0000000000001978     0x121c ./Drivers/STM32F7xx_HAL_Driver/Src/stm32f7xx_hal_tim.o
 .debug_frame   0x0000000000002b94      0x688 ./Drivers/STM32F7xx_HAL_Driver/Src/stm32f7xx_hal_tim_ex.o
 .debug_frame   0x000000000000321c      0x9e4 ./Drivers/STM32F7xx_HAL_Driver/Src/stm32f7xx_hal_uart.o
 .debug_frame   0x0000000000003c00      0x6d0 ./Drivers/STM32F7xx_HAL_Driver/Src/stm32f7xx_ll_sdmmc.o
 .debug_frame   0x00000000000042d0       0x4c ./FATFS/App/fatfs.o
 .debug_frame   0x000000000000431c      0x238 ./FATFS/Target/bsp_driver_sd.o
 .debug_frame   0x0000000000004554       0x34 ./FATFS/Target/fatfs_platform.o
 .debug_frame   0x0000000000004588      0x14c ./FATFS/Target/sd_diskio.o
 .debug_frame   0x00000000000046d4       0xec ./Middlewares/Third_Party/FatFs/src/diskio.o
 .debug_frame   0x00000000000047c0      0x94c ./Middlewares/Third_Party/FatFs/src/ff.o
 .debug_frame   0x000000000000510c       0xc8 ./Middlewares/Third_Party/FatFs/src/ff_gen_drv.o
 .debug_frame   0x00000000000051d4       0x20 C:/ST/STM32CubeIDE_1.13.2/STM32CubeIDE/plugins/com.st.stm32cube.ide.mcu.externaltools.gnu-tools-for-stm32.11.3.rel1.win32_1.1.1.202309131626/tools/bin/../lib/gcc/arm-none-eabi/11.3.1/../../../../arm-none-eabi/lib/thumb/v7e-m+fp/hard\libc_nano.a(libc_a-memset.o)
 .debug_frame   0x00000000000051f4       0x2c C:/ST/STM32CubeIDE_1.13.2/STM32CubeIDE/plugins/com.st.stm32cube.ide.mcu.externaltools.gnu-tools-for-stm32.11.3.rel1.win32_1.1.1.202309131626/tools/bin/../lib/gcc/arm-none-eabi/11.3.1/../../../../arm-none-eabi/lib/thumb/v7e-m+fp/hard\libc_nano.a(libc_a-init.o)
 .debug_frame   0x0000000000005220       0x2c C:/ST/STM32CubeIDE_1.13.2/STM32CubeIDE/plugins/com.st.stm32cube.ide.mcu.externaltools.gnu-tools-for-stm32.11.3.rel1.win32_1.1.1.202309131626/tools/bin/../lib/gcc/arm-none-eabi/11.3.1/thumb/v7e-m+fp/hard\libgcc.a(_aeabi_uldivmod.o)
 .debug_frame   0x000000000000524c       0x34 C:/ST/STM32CubeIDE_1.13.2/STM32CubeIDE/plugins/com.st.stm32cube.ide.mcu.externaltools.gnu-tools-for-stm32.11.3.rel1.win32_1.1.1.202309131626/tools/bin/../lib/gcc/arm-none-eabi/11.3.1/thumb/v7e-m+fp/hard\libgcc.a(_udivmoddi4.o)

.debug_line_str
                0x0000000000000000       0x43
 .debug_line_str
                0x0000000000000000       0x43 ./Core/Startup/startup_stm32f746nghx.o
                                         0x5b (size before relaxing)